D:\acceleration\dataset\val\scratch\scratch_00023.png: Top Class = scratch, Conf = 1.0000, Probs = [ 5.7078e-10  1.7313e-09  1.0355e-12  5.0321e-10           1]
requirements: Ultralytics requirement ['pi-heif'] not found, attempting AutoUpdate...
Defaulting to user installation because normal site-packages is not writeable
Collecting pi-heif
  Downloading pi_heif-1.4.0-cp313-cp313-win_amd64.whl.metadata (6.5 kB)
Requirement already satisfied: pillow>=11.1.0 in C:\Program Files\Python313\Lib\site-packages (from pi-heif) (12.2.0)
Downloading pi_heif-1.4.0-cp313-cp313-win_amd64.whl (2.4 MB)
   ---------------------------------------- 2.4/2.4 MB 7.4 MB/s  0:00:00
Installing collected packages: pi-heif
Successfully installed pi-heif-1.4.0

[notice] A new release of pip is available: 26.0.1 -> 26.2.1
[notice] To update, run: python.exe -m pip install --upgrade pip

requirements: AutoUpdate success  16.3s
WARNING requirements: Restart runtime or rerun command for updates to take effect

Traceback (most recent call last):
  File "C:\Users\win-10\AppData\Roaming\Python\Python313\site-packages\ultralytics\utils\patches.py", line 78, in image_open
    return _image_open(filename, *args, **kwargs)
  File "C:\Program Files\Python313\Lib\site-packages\PIL\Image.py", line 3635, in open
    fp = builtins.open(filename, "rb")
FileNotFoundError: [Errno 2] No such file or directory: 'D:\\acceleration\\dataset\\val\\rust\\rust_00023.png'

During handling of the above exception, another exception occurred:

Traceback (most recent call last):
  File "<string>", line 10, in <module>
    img = Image.open(test_path)
  File "C:\Users\win-10\AppData\Roaming\Python\Python313\site-packages\ultralytics\utils\patches.py", line 87, in image_open
    return _image_open(filename, *args, **kwargs)
  File "C:\Program Files\Python313\Lib\site-packages\PIL\Image.py", line 3635, in open
    fp = builtins.open(filename, "rb")
FileNotFoundError: [Errno 2] No such file or directory: 'D:\\acceleration\\dataset\\val\\rust\\rust_00023.png'
