Defaulting to user installation because normal site-packages is not writeable
WARNING: Retrying (Retry(total=4, connect=None, read=None, redirect=None, status=None)) after connection broken by 'NewConnectionError('<pip._vendor.urllib3.connection.HTTPSConnection object at 0x000002BAC370DA90>: Failed to establish a new connection: [Errno 11001] getaddrinfo failed')': /simple/streamlit/
WARNING: Retrying (Retry(total=3, connect=None, read=None, redirect=None, status=None)) after connection broken by 'NewConnectionError('<pip._vendor.urllib3.connection.HTTPSConnection object at 0x000002BAC369BB10>: Failed to establish a new connection: [Errno 11001] getaddrinfo failed')': /simple/streamlit/
Collecting streamlit
  Using cached streamlit-1.64.0-py3-none-any.whl.metadata (10 kB)
Collecting plotly
  Using cached plotly-7.1.0-py3-none-any.whl.metadata (8.8 kB)
Collecting ultralytics
  Using cached ultralytics-8.4.155-py3-none-any.whl.metadata (46 kB)
Collecting openpyxl
  Using cached openpyxl-3.1.5-py2.py3-none-any.whl.metadata (2.5 kB)
Collecting xlrd
  Using cached xlrd-2.0.2-py2.py3-none-any.whl.metadata (3.5 kB)
Collecting altair!=5.4.0,!=5.4.1,<7,>=5.0.0 (from streamlit)
  Using cached altair-6.3.0-py3-none-any.whl.metadata (11 kB)
Collecting click<9,>=7.0 (from streamlit)
  Using cached click-8.5.0-py3-none-any.whl.metadata (2.6 kB)
Requirement already satisfied: numpy<3,>=1.23 in C:\Users\win-10\AppData\Roaming\Python\Python313\site-packages (from streamlit) (2.2.3)
Collecting packaging>=20 (from streamlit)
  Using cached packaging-26.3-py3-none-any.whl.metadata (3.5 kB)
Requirement already satisfied: pandas<4,>=1.4.0 in C:\Users\win-10\AppData\Roaming\Python\Python313\site-packages (from streamlit) (2.2.3)
Requirement already satisfied: pillow<13,>=7.1.0 in C:\Program Files\Python313\Lib\site-packages (from streamlit) (12.2.0)
Collecting pydeck<1,>=0.8.0b4 (from streamlit)
  Using cached pydeck-0.9.3-py2.py3-none-any.whl.metadata (4.2 kB)
Collecting protobuf<8,>=5.26.1 (from streamlit)
  Using cached protobuf-7.36.2-cp310-abi3-win_amd64.whl.metadata (595 bytes)
Collecting pyarrow!=25.0.0,<26,>=7.0 (from streamlit)
  Using cached pyarrow-25.0.1-cp313-cp313-win_amd64.whl.metadata (3.0 kB)
Collecting requests<3,>=2.27 (from streamlit)
  Using cached requests-2.34.2-py3-none-any.whl.metadata (4.8 kB)
Collecting toml<2,>=0.10.1 (from streamlit)
  Using cached toml-0.10.2-py2.py3-none-any.whl.metadata (7.1 kB)
Collecting typing-extensions<5,>=4.10.0 (from streamlit)
  Using cached typing_extensions-4.16.0-py3-none-any.whl.metadata (3.3 kB)
Collecting starlette<2,>=0.46.0 (from streamlit)
  Using cached starlette-1.6.0-py3-none-any.whl.metadata (6.4 kB)
Collecting uvicorn<1,>=0.30.0 (from streamlit)
  Using cached uvicorn-0.53.0-py3-none-any.whl.metadata (6.6 kB)
Collecting httptools<1,>=0.6.3 (from streamlit)
  Using cached httptools-0.8.0-cp313-cp313-win_amd64.whl.metadata (3.7 kB)
Collecting anyio<5,>=4.0.0 (from streamlit)
  Using cached anyio-4.15.1-py3-none-any.whl.metadata (4.7 kB)
Collecting python-multipart<1,>=0.0.10 (from streamlit)
  Using cached python_multipart-0.0.32-py3-none-any.whl.metadata (2.1 kB)
Collecting websockets<17,>=12.0.0 (from streamlit)
  Using cached websockets-16.1.1-cp313-cp313-win_amd64.whl.metadata (7.0 kB)
Collecting itsdangerous<3,>=2.1.2 (from streamlit)
  Using cached itsdangerous-2.2.0-py3-none-any.whl.metadata (1.9 kB)
Collecting watchdog<7,>=2.1.5 (from streamlit)
  Using cached watchdog-6.0.0-py3-none-win_amd64.whl.metadata (44 kB)
Collecting jinja2 (from altair!=5.4.0,!=5.4.1,<7,>=5.0.0->streamlit)
  Using cached jinja2-3.1.6-py3-none-any.whl.metadata (2.9 kB)
Collecting jsonschema>=3.0 (from altair!=5.4.0,!=5.4.1,<7,>=5.0.0->streamlit)
  Using cached jsonschema-4.26.0-py3-none-any.whl.metadata (7.6 kB)
Collecting narwhals>=2.4.0 (from altair!=5.4.0,!=5.4.1,<7,>=5.0.0->streamlit)
  Using cached narwhals-2.26.0-py3-none-any.whl.metadata (15 kB)
Collecting idna>=2.8 (from anyio<5,>=4.0.0->streamlit)
  Using cached idna-3.20-py3-none-any.whl.metadata (7.2 kB)
Requirement already satisfied: python-dateutil>=2.8.2 in C:\Users\win-10\AppData\Roaming\Python\Python313\site-packages (from pandas<4,>=1.4.0->streamlit) (2.9.0.post0)
Requirement already satisfied: pytz>=2020.1 in C:\Users\win-10\AppData\Roaming\Python\Python313\site-packages (from pandas<4,>=1.4.0->streamlit) (2025.1)
Requirement already satisfied: tzdata>=2022.7 in C:\Users\win-10\AppData\Roaming\Python\Python313\site-packages (from pandas<4,>=1.4.0->streamlit) (2025.1)
Collecting charset_normalizer<4,>=2 (from requests<3,>=2.27->streamlit)
  Using cached charset_normalizer-3.5.1-cp313-cp313-win_amd64.whl.metadata (46 kB)
Collecting urllib3<3,>=1.26 (from requests<3,>=2.27->streamlit)
  Using cached urllib3-2.8.0-py3-none-any.whl.metadata (7.4 kB)
Collecting certifi>=2023.5.7 (from requests<3,>=2.27->streamlit)
  Using cached certifi-2026.7.22-py3-none-any.whl.metadata (2.5 kB)
Collecting h11>=0.8 (from uvicorn<1,>=0.30.0->streamlit)
  Using cached h11-0.16.0-py3-none-any.whl.metadata (8.3 kB)
Collecting cloudpickle>=3.1.1 (from ultralytics)
  Using cached cloudpickle-3.1.2-py3-none-any.whl.metadata (7.1 kB)
Collecting filelock>=3.16.1 (from ultralytics)
  Using cached filelock-4.0.1-py3-none-any.whl.metadata (2.0 kB)
Collecting matplotlib>=3.3.0 (from ultralytics)
  Using cached matplotlib-3.11.2-cp313-cp313-win_amd64.whl.metadata (80 kB)
Collecting opencv-python!=4.13.0.90,>=4.7.0 (from ultralytics)
  Using cached opencv_python-5.0.0.93-cp37-abi3-win_amd64.whl.metadata (20 kB)
Collecting pyyaml>=5.3.1 (from ultralytics)
  Using cached pyyaml-6.0.3-cp313-cp313-win_amd64.whl.metadata (2.4 kB)
Collecting torch>=1.8.0 (from ultralytics)
  Using cached torch-2.14.0-cp313-cp313-win_amd64.whl.metadata (38 kB)
Collecting torchvision>=0.9.0 (from ultralytics)
  Using cached torchvision-0.29.0-cp313-cp313-win_amd64.whl.metadata (5.7 kB)
Collecting psutil>=5.8.0 (from ultralytics)
  Using cached psutil-7.2.2-cp37-abi3-win_amd64.whl.metadata (22 kB)
Collecting polars>=0.20.0 (from ultralytics)
  Using cached polars-1.44.2-py3-none-any.whl.metadata (11 kB)
Collecting nvidia-ml-py>=12.0.0 (from ultralytics)
  Using cached nvidia_ml_py-13.610.43-py3-none-any.whl.metadata (9.7 kB)
Collecting ultralytics-thop>=2.1.6 (from ultralytics)
  Using cached ultralytics_thop-2.1.6-py3-none-any.whl.metadata (13 kB)
Collecting ultralytics-platform>=0.1.45 (from ultralytics)
  Using cached ultralytics_platform-0.1.48-py3-none-any.whl.metadata (11 kB)
Collecting et-xmlfile (from openpyxl)
  Using cached et_xmlfile-2.0.0-py3-none-any.whl.metadata (2.7 kB)
Collecting MarkupSafe>=2.0 (from jinja2->altair!=5.4.0,!=5.4.1,<7,>=5.0.0->streamlit)
  Using cached markupsafe-3.0.3-cp313-cp313-win_amd64.whl.metadata (2.8 kB)
Collecting attrs>=22.2.0 (from jsonschema>=3.0->altair!=5.4.0,!=5.4.1,<7,>=5.0.0->streamlit)
  Using cached attrs-26.1.0-py3-none-any.whl.metadata (8.8 kB)
Collecting jsonschema-specifications>=2023.03.6 (from jsonschema>=3.0->altair!=5.4.0,!=5.4.1,<7,>=5.0.0->streamlit)
  Using cached jsonschema_specifications-2025.9.1-py3-none-any.whl.metadata (2.9 kB)
Collecting referencing>=0.28.4 (from jsonschema>=3.0->altair!=5.4.0,!=5.4.1,<7,>=5.0.0->streamlit)
  Using cached referencing-0.37.0-py3-none-any.whl.metadata (2.8 kB)
Collecting rpds-py>=0.25.0 (from jsonschema>=3.0->altair!=5.4.0,!=5.4.1,<7,>=5.0.0->streamlit)
  Using cached rpds_py-2026.6.3-cp313-cp313-win_amd64.whl.metadata (4.2 kB)
Collecting contourpy>=1.0.1 (from matplotlib>=3.3.0->ultralytics)
  Using cached contourpy-1.4.0-cp313-cp313-win_amd64.whl.metadata (3.8 kB)
Collecting cycler>=0.10 (from matplotlib>=3.3.0->ultralytics)
  Using cached cycler-0.12.1-py3-none-any.whl.metadata (3.8 kB)
Collecting fonttools>=4.28.2 (from matplotlib>=3.3.0->ultralytics)
  Using cached fonttools-4.65.0-cp313-cp313-win_amd64.whl.metadata (127 kB)
Collecting kiwisolver>=1.3.1 (from matplotlib>=3.3.0->ultralytics)
  Using cached kiwisolver-1.5.1-cp313-cp313-win_amd64.whl.metadata (5.2 kB)
Collecting pyparsing>=3 (from matplotlib>=3.3.0->ultralytics)
  Using cached pyparsing-3.3.2-py3-none-any.whl.metadata (5.8 kB)
Collecting polars-runtime-32==1.44.2 (from polars>=0.20.0->ultralytics)
  Using cached polars_runtime_32-1.44.2-cp310-abi3-win_amd64.whl.metadata (1.5 kB)
Requirement already satisfied: six>=1.5 in C:\Users\win-10\AppData\Roaming\Python\Python313\site-packages (from python-dateutil>=2.8.2->pandas<4,>=1.4.0->streamlit) (1.17.0)
Collecting setuptools>=77.0.3 (from torch>=1.8.0->ultralytics)
  Using cached setuptools-84.0.0-py3-none-any.whl.metadata (6.6 kB)
Collecting sympy>=1.13.3 (from torch>=1.8.0->ultralytics)
  Using cached sympy-1.14.0-py3-none-any.whl.metadata (12 kB)
Collecting networkx>=2.5.1 (from torch>=1.8.0->ultralytics)
  Using cached networkx-3.6.1-py3-none-any.whl.metadata (6.8 kB)
Collecting fsspec>=0.8.5 (from torch>=1.8.0->ultralytics)
  Using cached fsspec-2026.9.0-py3-none-any.whl.metadata (10 kB)
Collecting mpmath<1.4,>=1.1.0 (from sympy>=1.13.3->torch>=1.8.0->ultralytics)
  Using cached mpmath-1.3.0-py3-none-any.whl.metadata (8.6 kB)
Collecting httpx<1,>=0.28 (from ultralytics-platform>=0.1.45->ultralytics)
  Using cached httpx-0.28.1-py3-none-any.whl.metadata (7.1 kB)
Collecting httpcore==1.* (from httpx<1,>=0.28->ultralytics-platform>=0.1.45->ultralytics)
  Using cached httpcore-1.0.9-py3-none-any.whl.metadata (21 kB)
Using cached streamlit-1.64.0-py3-none-any.whl (10.1 MB)
Using cached altair-6.3.0-py3-none-any.whl (797 kB)
Using cached anyio-4.15.1-py3-none-any.whl (132 kB)
Using cached click-8.5.0-py3-none-any.whl (125 kB)
Using cached httptools-0.8.0-cp313-cp313-win_amd64.whl (90 kB)
Using cached itsdangerous-2.2.0-py3-none-any.whl (16 kB)
Using cached protobuf-7.36.2-cp310-abi3-win_amd64.whl (456 kB)
Using cached pyarrow-25.0.1-cp313-cp313-win_amd64.whl (27.9 MB)
Using cached pydeck-0.9.3-py2.py3-none-any.whl (11.4 MB)
Using cached python_multipart-0.0.32-py3-none-any.whl (30 kB)
Using cached requests-2.34.2-py3-none-any.whl (73 kB)
Using cached charset_normalizer-3.5.1-cp313-cp313-win_amd64.whl (199 kB)
Using cached idna-3.20-py3-none-any.whl (69 kB)
Using cached starlette-1.6.0-py3-none-any.whl (75 kB)
Using cached toml-0.10.2-py2.py3-none-any.whl (16 kB)
Using cached typing_extensions-4.16.0-py3-none-any.whl (45 kB)
Using cached urllib3-2.8.0-py3-none-any.whl (135 kB)
Using cached uvicorn-0.53.0-py3-none-any.whl (87 kB)
Using cached watchdog-6.0.0-py3-none-win_amd64.whl (79 kB)
Using cached websockets-16.1.1-cp313-cp313-win_amd64.whl (180 kB)
Downloading plotly-7.1.0-py3-none-any.whl (9.7 MB)
   ---------------------------------------- 9.7/9.7 MB 27.3 MB/s  0:00:00
Using cached ultralytics-8.4.155-py3-none-any.whl (1.4 MB)
Using cached openpyxl-3.1.5-py2.py3-none-any.whl (250 kB)
Downloading xlrd-2.0.2-py2.py3-none-any.whl (96 kB)
Using cached certifi-2026.7.22-py3-none-any.whl (136 kB)
Using cached cloudpickle-3.1.2-py3-none-any.whl (22 kB)
Using cached filelock-4.0.1-py3-none-any.whl (106 kB)
Using cached h11-0.16.0-py3-none-any.whl (37 kB)
Using cached jinja2-3.1.6-py3-none-any.whl (134 kB)
Using cached jsonschema-4.26.0-py3-none-any.whl (90 kB)
Using cached attrs-26.1.0-py3-none-any.whl (67 kB)
Using cached jsonschema_specifications-2025.9.1-py3-none-any.whl (18 kB)
Using cached markupsafe-3.0.3-cp313-cp313-win_amd64.whl (15 kB)
Using cached matplotlib-3.11.2-cp313-cp313-win_amd64.whl (9.3 MB)
Using cached contourpy-1.4.0-cp313-cp313-win_amd64.whl (234 kB)
Using cached cycler-0.12.1-py3-none-any.whl (8.3 kB)
Using cached fonttools-4.65.0-cp313-cp313-win_amd64.whl (2.5 MB)
Using cached kiwisolver-1.5.1-cp313-cp313-win_amd64.whl (70 kB)
Using cached narwhals-2.26.0-py3-none-any.whl (474 kB)
Using cached nvidia_ml_py-13.610.43-py3-none-any.whl (53 kB)
Using cached opencv_python-5.0.0.93-cp37-abi3-win_amd64.whl (44.0 MB)
Using cached packaging-26.3-py3-none-any.whl (129 kB)
Using cached polars-1.44.2-py3-none-any.whl (865 kB)
Using cached polars_runtime_32-1.44.2-cp310-abi3-win_amd64.whl (51.3 MB)
Using cached psutil-7.2.2-cp37-abi3-win_amd64.whl (137 kB)
Using cached pyparsing-3.3.2-py3-none-any.whl (122 kB)
Using cached pyyaml-6.0.3-cp313-cp313-win_amd64.whl (154 kB)
Using cached referencing-0.37.0-py3-none-any.whl (26 kB)
Using cached rpds_py-2026.6.3-cp313-cp313-win_amd64.whl (219 kB)
Using cached torch-2.14.0-cp313-cp313-win_amd64.whl (124.1 MB)
Using cached fsspec-2026.9.0-py3-none-any.whl (221 kB)
Using cached networkx-3.6.1-py3-none-any.whl (2.1 MB)
Using cached setuptools-84.0.0-py3-none-any.whl (818 kB)
Using cached sympy-1.14.0-py3-none-any.whl (6.3 MB)
Using cached mpmath-1.3.0-py3-none-any.whl (536 kB)
Using cached torchvision-0.29.0-cp313-cp313-win_amd64.whl (1.4 MB)
Using cached ultralytics_platform-0.1.48-py3-none-any.whl (78 kB)
Using cached httpx-0.28.1-py3-none-any.whl (73 kB)
Using cached httpcore-1.0.9-py3-none-any.whl (78 kB)
Using cached ultralytics_thop-2.1.6-py3-none-any.whl (30 kB)
Using cached et_xmlfile-2.0.0-py3-none-any.whl (18 kB)
Installing collected packages: nvidia-ml-py, mpmath, xlrd, websockets, watchdog, urllib3, typing-extensions, toml, sympy, setuptools, rpds-py, pyyaml, python-multipart, pyparsing, pyarrow, psutil, protobuf, polars-runtime-32, packaging, opencv-python, networkx, narwhals, MarkupSafe, kiwisolver, itsdangerous, idna, httptools, h11, fsspec, fonttools, filelock, et-xmlfile, cycler, contourpy, cloudpickle, click, charset_normalizer, certifi, attrs, uvicorn, requests, referencing, polars, plotly, openpyxl, matplotlib, jinja2, httpcore, anyio, torch, starlette, pydeck, jsonschema-specifications, httpx, ultralytics-thop, ultralytics-platform, torchvision, jsonschema, ultralytics, altair, streamlit
  WARNING: The script websockets.exe is installed in 'C:\Users\win-10\AppData\Roaming\Python\Python313\Scripts' which is not on PATH.
  Consider adding this directory to PATH or, if you prefer to suppress this warning, use --no-warn-script-location.
  WARNING: The script watchmedo.exe is installed in 'C:\Users\win-10\AppData\Roaming\Python\Python313\Scripts' which is not on PATH.
  Consider adding this directory to PATH or, if you prefer to suppress this warning, use --no-warn-script-location.
  WARNING: The script isympy.exe is installed in 'C:\Users\win-10\AppData\Roaming\Python\Python313\Scripts' which is not on PATH.
  Consider adding this directory to PATH or, if you prefer to suppress this warning, use --no-warn-script-location.
  WARNING: The script idna.exe is installed in 'C:\Users\win-10\AppData\Roaming\Python\Python313\Scripts' which is not on PATH.
  Consider adding this directory to PATH or, if you prefer to suppress this warning, use --no-warn-script-location.
  WARNING: The scripts fonttools.exe, pyftmerge.exe, pyftsubset.exe and ttx.exe are installed in 'C:\Users\win-10\AppData\Roaming\Python\Python313\Scripts' which is not on PATH.
  Consider adding this directory to PATH or, if you prefer to suppress this warning, use --no-warn-script-location.
  WARNING: The script normalizer.exe is installed in 'C:\Users\win-10\AppData\Roaming\Python\Python313\Scripts' which is not on PATH.
  Consider adding this directory to PATH or, if you prefer to suppress this warning, use --no-warn-script-location.
  WARNING: The script uvicorn.exe is installed in 'C:\Users\win-10\AppData\Roaming\Python\Python313\Scripts' which is not on PATH.
  Consider adding this directory to PATH or, if you prefer to suppress this warning, use --no-warn-script-location.
  WARNING: The script plotly_get_chrome.exe is installed in 'C:\Users\win-10\AppData\Roaming\Python\Python313\Scripts' which is not on PATH.
  Consider adding this directory to PATH or, if you prefer to suppress this warning, use --no-warn-script-location.
  WARNING: The scripts torchfrtrace.exe and torchrun.exe are installed in 'C:\Users\win-10\AppData\Roaming\Python\Python313\Scripts' which is not on PATH.
  Consider adding this directory to PATH or, if you prefer to suppress this warning, use --no-warn-script-location.
  WARNING: The script httpx.exe is installed in 'C:\Users\win-10\AppData\Roaming\Python\Python313\Scripts' which is not on PATH.
  Consider adding this directory to PATH or, if you prefer to suppress this warning, use --no-warn-script-location.
  WARNING: The script ul.exe is installed in 'C:\Users\win-10\AppData\Roaming\Python\Python313\Scripts' which is not on PATH.
  Consider adding this directory to PATH or, if you prefer to suppress this warning, use --no-warn-script-location.
  WARNING: The script jsonschema.exe is installed in 'C:\Users\win-10\AppData\Roaming\Python\Python313\Scripts' which is not on PATH.
  Consider adding this directory to PATH or, if you prefer to suppress this warning, use --no-warn-script-location.
  WARNING: The scripts ultralytics.exe and yolo.exe are installed in 'C:\Users\win-10\AppData\Roaming\Python\Python313\Scripts' which is not on PATH.
  Consider adding this directory to PATH or, if you prefer to suppress this warning, use --no-warn-script-location.
  WARNING: The script streamlit.exe is installed in 'C:\Users\win-10\AppData\Roaming\Python\Python313\Scripts' which is not on PATH.
  Consider adding this directory to PATH or, if you prefer to suppress this warning, use --no-warn-script-location.

Successfully installed MarkupSafe-3.0.3 altair-6.3.0 anyio-4.15.1 attrs-26.1.0 certifi-2026.7.22 charset_normalizer-3.5.1 click-8.5.0 cloudpickle-3.1.2 contourpy-1.4.0 cycler-0.12.1 et-xmlfile-2.0.0 filelock-4.0.1 fonttools-4.65.0 fsspec-2026.9.0 h11-0.16.0 httpcore-1.0.9 httptools-0.8.0 httpx-0.28.1 idna-3.20 itsdangerous-2.2.0 jinja2-3.1.6 jsonschema-4.26.0 jsonschema-specifications-2025.9.1 kiwisolver-1.5.1 matplotlib-3.11.2 mpmath-1.3.0 narwhals-2.26.0 networkx-3.6.1 nvidia-ml-py-13.610.43 opencv-python-5.0.0.93 openpyxl-3.1.5 packaging-26.3 plotly-7.1.0 polars-1.44.2 polars-runtime-32-1.44.2 protobuf-7.36.2 psutil-7.2.2 pyarrow-25.0.1 pydeck-0.9.3 pyparsing-3.3.2 python-multipart-0.0.32 pyyaml-6.0.3 referencing-0.37.0 requests-2.34.2 rpds-py-2026.6.3 setuptools-84.0.0 starlette-1.6.0 streamlit-1.64.0 sympy-1.14.0 toml-0.10.2 torch-2.14.0 torchvision-0.29.0 typing-extensions-4.16.0 ultralytics-8.4.155 ultralytics-platform-0.1.48 ultralytics-thop-2.1.6 urllib3-2.8.0 uvicorn-0.53.0 watchdog-6.0.0 websockets-16.1.1 xlrd-2.0.2

[notice] A new release of pip is available: 26.0.1 -> 26.2.1
[notice] To update, run: python.exe -m pip install --upgrade pip
