2026-09-20 00:34:08.327 WARNING streamlit.runtime.scriptrunner_utils.script_run_context: Thread 'MainThread': missing ScriptRunContext! This warning can be ignored when running in bare mode.
2026-09-20 00:34:08.332 WARNING streamlit.runtime.scriptrunner_utils.script_run_context: Thread 'MainThread': missing ScriptRunContext! This warning can be ignored when running in bare mode.
2026-09-20 00:34:08.674 WARNING streamlit: 
  Warning: to view a Streamlit app on a browser, use Streamlit in a file and
  run it with the following command:

    streamlit run [FILE_NAME] [ARGUMENTS]
2026-09-20 00:34:08.675 WARNING streamlit.runtime.scriptrunner_utils.script_run_context: Thread 'MainThread': missing ScriptRunContext! This warning can be ignored when running in bare mode.
2026-09-20 00:34:08.675 WARNING streamlit.runtime.scriptrunner_utils.script_run_context: Thread 'MainThread': missing ScriptRunContext! This warning can be ignored when running in bare mode.
2026-09-20 00:34:08.676 WARNING streamlit.runtime.scriptrunner_utils.script_run_context: Thread 'MainThread': missing ScriptRunContext! This warning can be ignored when running in bare mode.
2026-09-20 00:34:08.676 WARNING streamlit.runtime.state.session_state_proxy: Session state does not function when running a script without `streamlit run`
2026-09-20 00:34:08.677 WARNING streamlit.runtime.scriptrunner_utils.script_run_context: Thread 'MainThread': missing ScriptRunContext! This warning can be ignored when running in bare mode.
2026-09-20 00:34:08.677 WARNING streamlit.runtime.scriptrunner_utils.script_run_context: Thread 'MainThread': missing ScriptRunContext! This warning can be ignored when running in bare mode.
2026-09-20 00:34:08.678 WARNING streamlit.runtime.scriptrunner_utils.script_run_context: Thread 'MainThread': missing ScriptRunContext! This warning can be ignored when running in bare mode.
2026-09-20 00:34:08.678 WARNING streamlit.runtime.scriptrunner_utils.script_run_context: Thread 'MainThread': missing ScriptRunContext! This warning can be ignored when running in bare mode.
2026-09-20 00:34:08.678 WARNING streamlit.runtime.scriptrunner_utils.script_run_context: Thread 'MainThread': missing ScriptRunContext! This warning can be ignored when running in bare mode.
2026-09-20 00:34:08.679 WARNING streamlit.runtime.scriptrunner_utils.script_run_context: Thread 'MainThread': missing ScriptRunContext! This warning can be ignored when running in bare mode.
2026-09-20 00:34:08.679 WARNING streamlit.runtime.scriptrunner_utils.script_run_context: Thread 'MainThread': missing ScriptRunContext! This warning can be ignored when running in bare mode.
2026-09-20 00:34:08.680 WARNING streamlit.runtime.scriptrunner_utils.script_run_context: Thread 'MainThread': missing ScriptRunContext! This warning can be ignored when running in bare mode.
2026-09-20 00:34:08.680 WARNING streamlit.runtime.scriptrunner_utils.script_run_context: Thread 'MainThread': missing ScriptRunContext! This warning can be ignored when running in bare mode.
2026-09-20 00:34:08.682 WARNING streamlit.runtime.scriptrunner_utils.script_run_context: Thread 'MainThread': missing ScriptRunContext! This warning can be ignored when running in bare mode.
2026-09-20 00:34:08.682 WARNING streamlit.runtime.scriptrunner_utils.script_run_context: Thread 'MainThread': missing ScriptRunContext! This warning can be ignored when running in bare mode.
2026-09-20 00:34:08.682 WARNING streamlit.runtime.scriptrunner_utils.script_run_context: Thread 'MainThread': missing ScriptRunContext! This warning can be ignored when running in bare mode.
2026-09-20 00:34:08.683 WARNING streamlit.runtime.scriptrunner_utils.script_run_context: Thread 'MainThread': missing ScriptRunContext! This warning can be ignored when running in bare mode.
2026-09-20 00:34:08.683 WARNING streamlit.runtime.scriptrunner_utils.script_run_context: Thread 'MainThread': missing ScriptRunContext! This warning can be ignored when running in bare mode.
2026-09-20 00:34:08.683 WARNING streamlit.runtime.scriptrunner_utils.script_run_context: Thread 'MainThread': missing ScriptRunContext! This warning can be ignored when running in bare mode.
2026-09-20 00:34:08.684 WARNING streamlit.runtime.scriptrunner_utils.script_run_context: Thread 'MainThread': missing ScriptRunContext! This warning can be ignored when running in bare mode.
2026-09-20 00:34:08.684 WARNING streamlit.runtime.scriptrunner_utils.script_run_context: Thread 'MainThread': missing ScriptRunContext! This warning can be ignored when running in bare mode.
2026-09-20 00:34:08.684 WARNING streamlit.runtime.scriptrunner_utils.script_run_context: Thread 'MainThread': missing ScriptRunContext! This warning can be ignored when running in bare mode.
2026-09-20 00:34:08.684 WARNING streamlit.runtime.scriptrunner_utils.script_run_context: Thread 'MainThread': missing ScriptRunContext! This warning can be ignored when running in bare mode.
2026-09-20 00:34:22.332 WARNING streamlit.runtime.scriptrunner_utils.script_run_context: Thread 'MainThread': missing ScriptRunContext! This warning can be ignored when running in bare mode.
2026-09-20 00:34:22.333 WARNING streamlit.runtime.scriptrunner_utils.script_run_context: Thread 'MainThread': missing ScriptRunContext! This warning can be ignored when running in bare mode.
2026-09-20 00:34:22.333 WARNING streamlit.runtime.scriptrunner_utils.script_run_context: Thread 'MainThread': missing ScriptRunContext! This warning can be ignored when running in bare mode.
2026-09-20 00:34:22.333 WARNING streamlit.runtime.scriptrunner_utils.script_run_context: Thread 'MainThread': missing ScriptRunContext! This warning can be ignored when running in bare mode.
2026-09-20 00:34:22.333 WARNING streamlit.runtime.scriptrunner_utils.script_run_context: Thread 'MainThread': missing ScriptRunContext! This warning can be ignored when running in bare mode.
2026-09-20 00:34:22.334 WARNING streamlit.runtime.scriptrunner_utils.script_run_context: Thread 'MainThread': missing ScriptRunContext! This warning can be ignored when running in bare mode.
2026-09-20 00:34:22.424 WARNING streamlit.runtime.scriptrunner_utils.script_run_context: Thread 'MainThread': missing ScriptRunContext! This warning can be ignored when running in bare mode.
2026-09-20 00:34:22.435 WARNING streamlit.runtime.scriptrunner_utils.script_run_context: Thread 'MainThread': missing ScriptRunContext! This warning can be ignored when running in bare mode.
2026-09-20 00:34:22.436 WARNING streamlit.runtime.scriptrunner_utils.script_run_context: Thread 'MainThread': missing ScriptRunContext! This warning can be ignored when running in bare mode.
2026-09-20 00:34:22.501 WARNING streamlit.runtime.scriptrunner_utils.script_run_context: Thread 'MainThread': missing ScriptRunContext! This warning can be ignored when running in bare mode.
2026-09-20 00:34:22.515 WARNING streamlit.runtime.scriptrunner_utils.script_run_context: Thread 'MainThread': missing ScriptRunContext! This warning can be ignored when running in bare mode.
2026-09-20 00:34:22.516 WARNING streamlit.runtime.scriptrunner_utils.script_run_context: Thread 'MainThread': missing ScriptRunContext! This warning can be ignored when running in bare mode.
2026-09-20 00:34:25.486 WARNING streamlit.runtime.scriptrunner_utils.script_run_context: Thread 'MainThread': missing ScriptRunContext! This warning can be ignored when running in bare mode.
2026-09-20 00:34:25.596 WARNING streamlit.runtime.scriptrunner_utils.script_run_context: Thread 'MainThread': missing ScriptRunContext! This warning can be ignored when running in bare mode.
2026-09-20 00:34:25.597 WARNING streamlit.runtime.scriptrunner_utils.script_run_context: Thread 'MainThread': missing ScriptRunContext! This warning can be ignored when running in bare mode.
2026-09-20 00:34:25.597 WARNING streamlit.runtime.scriptrunner_utils.script_run_context: Thread 'MainThread': missing ScriptRunContext! This warning can be ignored when running in bare mode.
2026-09-20 00:34:25.597 WARNING streamlit.runtime.scriptrunner_utils.script_run_context: Thread 'MainThread': missing ScriptRunContext! This warning can be ignored when running in bare mode.
2026-09-20 00:34:25.598 WARNING streamlit.runtime.scriptrunner_utils.script_run_context: Thread 'MainThread': missing ScriptRunContext! This warning can be ignored when running in bare mode.
2026-09-20 00:34:25.598 WARNING streamlit.runtime.scriptrunner_utils.script_run_context: Thread 'MainThread': missing ScriptRunContext! This warning can be ignored when running in bare mode.
2026-09-20 00:34:25.598 WARNING streamlit.runtime.scriptrunner_utils.script_run_context: Thread 'MainThread': missing ScriptRunContext! This warning can be ignored when running in bare mode.
2026-09-20 00:34:25.599 WARNING streamlit.runtime.scriptrunner_utils.script_run_context: Thread 'MainThread': missing ScriptRunContext! This warning can be ignored when running in bare mode.
2026-09-20 00:34:25.600 WARNING streamlit.runtime.scriptrunner_utils.script_run_context: Thread 'MainThread': missing ScriptRunContext! This warning can be ignored when running in bare mode.
2026-09-20 00:34:25.600 WARNING streamlit.runtime.scriptrunner_utils.script_run_context: Thread 'MainThread': missing ScriptRunContext! This warning can be ignored when running in bare mode.
2026-09-20 00:34:25.601 WARNING streamlit.runtime.scriptrunner_utils.script_run_context: Thread 'MainThread': missing ScriptRunContext! This warning can be ignored when running in bare mode.
2026-09-20 00:34:25.601 WARNING streamlit.runtime.scriptrunner_utils.script_run_context: Thread 'MainThread': missing ScriptRunContext! This warning can be ignored when running in bare mode.
2026-09-20 00:34:25.601 WARNING streamlit.runtime.scriptrunner_utils.script_run_context: Thread 'MainThread': missing ScriptRunContext! This warning can be ignored when running in bare mode.
2026-09-20 00:34:25.602 WARNING streamlit.runtime.scriptrunner_utils.script_run_context: Thread 'MainThread': missing ScriptRunContext! This warning can be ignored when running in bare mode.
2026-09-20 00:34:25.602 WARNING streamlit.runtime.scriptrunner_utils.script_run_context: Thread 'MainThread': missing ScriptRunContext! This warning can be ignored when running in bare mode.
2026-09-20 00:34:25.603 WARNING streamlit.runtime.scriptrunner_utils.script_run_context: Thread 'MainThread': missing ScriptRunContext! This warning can be ignored when running in bare mode.
2026-09-20 00:34:25.604 WARNING streamlit.runtime.scriptrunner_utils.script_run_context: Thread 'MainThread': missing ScriptRunContext! This warning can be ignored when running in bare mode.
2026-09-20 00:34:25.604 WARNING streamlit.runtime.scriptrunner_utils.script_run_context: Thread 'MainThread': missing ScriptRunContext! This warning can be ignored when running in bare mode.
2026-09-20 00:34:25.604 WARNING streamlit.runtime.scriptrunner_utils.script_run_context: Thread 'MainThread': missing ScriptRunContext! This warning can be ignored when running in bare mode.
2026-09-20 00:34:25.605 WARNING streamlit.runtime.scriptrunner_utils.script_run_context: Thread 'MainThread': missing ScriptRunContext! This warning can be ignored when running in bare mode.
2026-09-20 00:34:25.605 WARNING streamlit.runtime.scriptrunner_utils.script_run_context: Thread 'MainThread': missing ScriptRunContext! This warning can be ignored when running in bare mode.
2026-09-20 00:34:25.605 WARNING streamlit.runtime.scriptrunner_utils.script_run_context: Thread 'MainThread': missing ScriptRunContext! This warning can be ignored when running in bare mode.
2026-09-20 00:34:25.606 WARNING streamlit.runtime.scriptrunner_utils.script_run_context: Thread 'MainThread': missing ScriptRunContext! This warning can be ignored when running in bare mode.
2026-09-20 00:34:25.606 WARNING streamlit.runtime.scriptrunner_utils.script_run_context: Thread 'MainThread': missing ScriptRunContext! This warning can be ignored when running in bare mode.
2026-09-20 00:34:25.607 WARNING streamlit.runtime.scriptrunner_utils.script_run_context: Thread 'MainThread': missing ScriptRunContext! This warning can be ignored when running in bare mode.
2026-09-20 00:34:25.607 WARNING streamlit.runtime.scriptrunner_utils.script_run_context: Thread 'MainThread': missing ScriptRunContext! This warning can be ignored when running in bare mode.
2026-09-20 00:34:25.607 WARNING streamlit.runtime.scriptrunner_utils.script_run_context: Thread 'MainThread': missing ScriptRunContext! This warning can be ignored when running in bare mode.
2026-09-20 00:34:25.608 WARNING streamlit.runtime.scriptrunner_utils.script_run_context: Thread 'MainThread': missing ScriptRunContext! This warning can be ignored when running in bare mode.
2026-09-20 00:34:25.609 WARNING streamlit.runtime.scriptrunner_utils.script_run_context: Thread 'MainThread': missing ScriptRunContext! This warning can be ignored when running in bare mode.
2026-09-20 00:34:25.609 WARNING streamlit.runtime.scriptrunner_utils.script_run_context: Thread 'MainThread': missing ScriptRunContext! This warning can be ignored when running in bare mode.
2026-09-20 00:34:25.609 WARNING streamlit.runtime.scriptrunner_utils.script_run_context: Thread 'MainThread': missing ScriptRunContext! This warning can be ignored when running in bare mode.
2026-09-20 00:34:25.612 WARNING streamlit.runtime.scriptrunner_utils.script_run_context: Thread 'MainThread': missing ScriptRunContext! This warning can be ignored when running in bare mode.
2026-09-20 00:34:25.612 WARNING streamlit.runtime.scriptrunner_utils.script_run_context: Thread 'MainThread': missing ScriptRunContext! This warning can be ignored when running in bare mode.
2026-09-20 00:34:25.613 WARNING streamlit.runtime.scriptrunner_utils.script_run_context: Thread 'MainThread': missing ScriptRunContext! This warning can be ignored when running in bare mode.
2026-09-20 00:34:25.614 WARNING streamlit.runtime.scriptrunner_utils.script_run_context: Thread 'MainThread': missing ScriptRunContext! This warning can be ignored when running in bare mode.
2026-09-20 00:34:25.614 WARNING streamlit.runtime.scriptrunner_utils.script_run_context: Thread 'MainThread': missing ScriptRunContext! This warning can be ignored when running in bare mode.
2026-09-20 00:34:25.614 WARNING streamlit.runtime.scriptrunner_utils.script_run_context: Thread 'MainThread': missing ScriptRunContext! This warning can be ignored when running in bare mode.
2026-09-20 00:34:25.615 WARNING streamlit.runtime.scriptrunner_utils.script_run_context: Thread 'MainThread': missing ScriptRunContext! This warning can be ignored when running in bare mode.
2026-09-20 00:34:25.615 WARNING streamlit.runtime.scriptrunner_utils.script_run_context: Thread 'MainThread': missing ScriptRunContext! This warning can be ignored when running in bare mode.
2026-09-20 00:34:25.615 WARNING streamlit.runtime.scriptrunner_utils.script_run_context: Thread 'MainThread': missing ScriptRunContext! This warning can be ignored when running in bare mode.
2026-09-20 00:34:25.616 WARNING streamlit.runtime.scriptrunner_utils.script_run_context: Thread 'MainThread': missing ScriptRunContext! This warning can be ignored when running in bare mode.
2026-09-20 00:34:25.616 WARNING streamlit.runtime.scriptrunner_utils.script_run_context: Thread 'MainThread': missing ScriptRunContext! This warning can be ignored when running in bare mode.
2026-09-20 00:34:25.617 WARNING streamlit.runtime.scriptrunner_utils.script_run_context: Thread 'MainThread': missing ScriptRunContext! This warning can be ignored when running in bare mode.
2026-09-20 00:34:25.617 WARNING streamlit.runtime.scriptrunner_utils.script_run_context: Thread 'MainThread': missing ScriptRunContext! This warning can be ignored when running in bare mode.
2026-09-20 00:34:25.617 WARNING streamlit.runtime.scriptrunner_utils.script_run_context: Thread 'MainThread': missing ScriptRunContext! This warning can be ignored when running in bare mode.
2026-09-20 00:34:25.618 WARNING streamlit.runtime.scriptrunner_utils.script_run_context: Thread 'MainThread': missing ScriptRunContext! This warning can be ignored when running in bare mode.
2026-09-20 00:34:25.618 WARNING streamlit.runtime.scriptrunner_utils.script_run_context: Thread 'MainThread': missing ScriptRunContext! This warning can be ignored when running in bare mode.
2026-09-20 00:34:25.703 
'server.enableCORS=false' tells Streamlit not to limit cross-origin access.
Streamlit sends the header 'Access-Control-Allow-Origin: *', except on the file
upload routes, which stay pinned to the app address and still require a valid
XSRF token.
Streamlit also accepts a WebSocket connection from any origin.
Streamlit does not set 'server.enableCORS' to 'true' for you.
'server.enableXsrfProtection=true' does not stop a cross-origin WebSocket
connection, because Streamlit does not need a valid XSRF token to open one.

To limit cross-origin access, do these steps:
  1. Set 'server.enableCORS=true'.
  2. Put the origins that you trust in 'server.corsAllowedOrigins'.

'server.allowedHosts' can also limit the hostnames that Streamlit accepts on a
WebSocket connection.

2026-09-20 00:34:25.715 Thread 'MainThread': missing ScriptRunContext! This warning can be ignored when running in bare mode.
2026-09-20 00:34:25.715 Thread 'MainThread': missing ScriptRunContext! This warning can be ignored when running in bare mode.
2026-09-20 00:34:25.716 Thread 'MainThread': missing ScriptRunContext! This warning can be ignored when running in bare mode.
2026-09-20 00:34:25.716 Thread 'MainThread': missing ScriptRunContext! This warning can be ignored when running in bare mode.
2026-09-20 00:34:25.716 Thread 'MainThread': missing ScriptRunContext! This warning can be ignored when running in bare mode.
2026-09-20 00:34:25.718 Thread 'MainThread': missing ScriptRunContext! This warning can be ignored when running in bare mode.
2026-09-20 00:34:25.719 Thread 'MainThread': missing ScriptRunContext! This warning can be ignored when running in bare mode.
2026-09-20 00:34:25.720 Thread 'MainThread': missing ScriptRunContext! This warning can be ignored when running in bare mode.
2026-09-20 00:34:25.720 Thread 'MainThread': missing ScriptRunContext! This warning can be ignored when running in bare mode.
2026-09-20 00:34:25.721 Thread 'MainThread': missing ScriptRunContext! This warning can be ignored when running in bare mode.
2026-09-20 00:34:25.721 Thread 'MainThread': missing ScriptRunContext! This warning can be ignored when running in bare mode.
2026-09-20 00:34:25.721 Thread 'MainThread': missing ScriptRunContext! This warning can be ignored when running in bare mode.
2026-09-20 00:34:25.722 Thread 'MainThread': missing ScriptRunContext! This warning can be ignored when running in bare mode.
2026-09-20 00:34:25.722 Thread 'MainThread': missing ScriptRunContext! This warning can be ignored when running in bare mode.
2026-09-20 00:34:25.723 Thread 'MainThread': missing ScriptRunContext! This warning can be ignored when running in bare mode.
2026-09-20 00:34:25.724 Thread 'MainThread': missing ScriptRunContext! This warning can be ignored when running in bare mode.
2026-09-20 00:34:25.729 Thread 'MainThread': missing ScriptRunContext! This warning can be ignored when running in bare mode.
2026-09-20 00:34:25.729 Thread 'MainThread': missing ScriptRunContext! This warning can be ignored when running in bare mode.
2026-09-20 00:34:25.730 Thread 'MainThread': missing ScriptRunContext! This warning can be ignored when running in bare mode.
2026-09-20 00:34:25.730 Thread 'MainThread': missing ScriptRunContext! This warning can be ignored when running in bare mode.
2026-09-20 00:34:25.730 Thread 'MainThread': missing ScriptRunContext! This warning can be ignored when running in bare mode.
2026-09-20 00:34:25.731 Thread 'MainThread': missing ScriptRunContext! This warning can be ignored when running in bare mode.
2026-09-20 00:34:25.731 Thread 'MainThread': missing ScriptRunContext! This warning can be ignored when running in bare mode.
2026-09-20 00:34:25.731 Thread 'MainThread': missing ScriptRunContext! This warning can be ignored when running in bare mode.
2026-09-20 00:34:25.732 Thread 'MainThread': missing ScriptRunContext! This warning can be ignored when running in bare mode.
2026-09-20 00:34:25.733 Thread 'MainThread': missing ScriptRunContext! This warning can be ignored when running in bare mode.
2026-09-20 00:34:25.734 Thread 'MainThread': missing ScriptRunContext! This warning can be ignored when running in bare mode.
2026-09-20 00:34:25.735 Thread 'MainThread': missing ScriptRunContext! This warning can be ignored when running in bare mode.
2026-09-20 00:34:25.735 Thread 'MainThread': missing ScriptRunContext! This warning can be ignored when running in bare mode.
2026-09-20 00:34:25.735 Thread 'MainThread': missing ScriptRunContext! This warning can be ignored when running in bare mode.
2026-09-20 00:34:25.736 Thread 'MainThread': missing ScriptRunContext! This warning can be ignored when running in bare mode.
2026-09-20 00:34:25.736 Thread 'MainThread': missing ScriptRunContext! This warning can be ignored when running in bare mode.
2026-09-20 00:34:25.737 Thread 'MainThread': missing ScriptRunContext! This warning can be ignored when running in bare mode.
2026-09-20 00:34:25.737 Thread 'MainThread': missing ScriptRunContext! This warning can be ignored when running in bare mode.
2026-09-20 00:34:25.738 Thread 'MainThread': missing ScriptRunContext! This warning can be ignored when running in bare mode.
2026-09-20 00:34:25.738 Thread 'MainThread': missing ScriptRunContext! This warning can be ignored when running in bare mode.
2026-09-20 00:34:25.739 Thread 'MainThread': missing ScriptRunContext! This warning can be ignored when running in bare mode.
2026-09-20 00:34:25.739 Thread 'MainThread': missing ScriptRunContext! This warning can be ignored when running in bare mode.
2026-09-20 00:34:25.739 Thread 'MainThread': missing ScriptRunContext! This warning can be ignored when running in bare mode.
2026-09-20 00:34:25.740 Thread 'MainThread': missing ScriptRunContext! This warning can be ignored when running in bare mode.
2026-09-20 00:34:25.749 Thread 'MainThread': missing ScriptRunContext! This warning can be ignored when running in bare mode.
2026-09-20 00:34:25.749 Thread 'MainThread': missing ScriptRunContext! This warning can be ignored when running in bare mode.
2026-09-20 00:34:25.750 Thread 'MainThread': missing ScriptRunContext! This warning can be ignored when running in bare mode.
2026-09-20 00:34:25.750 Thread 'MainThread': missing ScriptRunContext! This warning can be ignored when running in bare mode.
2026-09-20 00:34:25.751 Thread 'MainThread': missing ScriptRunContext! This warning can be ignored when running in bare mode.
2026-09-20 00:34:25.751 Thread 'MainThread': missing ScriptRunContext! This warning can be ignored when running in bare mode.
2026-09-20 00:34:25.751 Thread 'MainThread': missing ScriptRunContext! This warning can be ignored when running in bare mode.
2026-09-20 00:34:25.752 Thread 'MainThread': missing ScriptRunContext! This warning can be ignored when running in bare mode.
2026-09-20 00:34:25.752 Thread 'MainThread': missing ScriptRunContext! This warning can be ignored when running in bare mode.
2026-09-20 00:34:25.753 Thread 'MainThread': missing ScriptRunContext! This warning can be ignored when running in bare mode.
2026-09-20 00:34:25.753 Thread 'MainThread': missing ScriptRunContext! This warning can be ignored when running in bare mode.
2026-09-20 00:34:25.754 Thread 'MainThread': missing ScriptRunContext! This warning can be ignored when running in bare mode.
2026-09-20 00:34:25.754 Thread 'MainThread': missing ScriptRunContext! This warning can be ignored when running in bare mode.
2026-09-20 00:34:25.755 Thread 'MainThread': missing ScriptRunContext! This warning can be ignored when running in bare mode.
2026-09-20 00:34:25.755 Thread 'MainThread': missing ScriptRunContext! This warning can be ignored when running in bare mode.
2026-09-20 00:34:25.756 Thread 'MainThread': missing ScriptRunContext! This warning can be ignored when running in bare mode.
2026-09-20 00:34:25.757 Thread 'MainThread': missing ScriptRunContext! This warning can be ignored when running in bare mode.
2026-09-20 00:34:25.757 Thread 'MainThread': missing ScriptRunContext! This warning can be ignored when running in bare mode.
2026-09-20 00:34:25.765 Thread 'MainThread': missing ScriptRunContext! This warning can be ignored when running in bare mode.
2026-09-20 00:34:25.766 Thread 'MainThread': missing ScriptRunContext! This warning can be ignored when running in bare mode.
2026-09-20 00:34:25.766 Thread 'MainThread': missing ScriptRunContext! This warning can be ignored when running in bare mode.
2026-09-20 00:34:25.767 Thread 'MainThread': missing ScriptRunContext! This warning can be ignored when running in bare mode.
2026-09-20 00:34:25.767 Thread 'MainThread': missing ScriptRunContext! This warning can be ignored when running in bare mode.
2026-09-20 00:34:25.767 Thread 'MainThread': missing ScriptRunContext! This warning can be ignored when running in bare mode.
2026-09-20 00:34:25.768 Thread 'MainThread': missing ScriptRunContext! This warning can be ignored when running in bare mode.
2026-09-20 00:34:25.768 Thread 'MainThread': missing ScriptRunContext! This warning can be ignored when running in bare mode.
2026-09-20 00:34:25.769 Thread 'MainThread': missing ScriptRunContext! This warning can be ignored when running in bare mode.
2026-09-20 00:34:25.769 Thread 'MainThread': missing ScriptRunContext! This warning can be ignored when running in bare mode.
2026-09-20 00:34:25.770 Thread 'MainThread': missing ScriptRunContext! This warning can be ignored when running in bare mode.
2026-09-20 00:34:25.771 Thread 'MainThread': missing ScriptRunContext! This warning can be ignored when running in bare mode.
2026-09-20 00:34:25.772 Thread 'MainThread': missing ScriptRunContext! This warning can be ignored when running in bare mode.
2026-09-20 00:34:25.773 Thread 'MainThread': missing ScriptRunContext! This warning can be ignored when running in bare mode.
2026-09-20 00:34:25.773 Thread 'MainThread': missing ScriptRunContext! This warning can be ignored when running in bare mode.
2026-09-20 00:34:25.774 Thread 'MainThread': missing ScriptRunContext! This warning can be ignored when running in bare mode.
2026-09-20 00:34:25.775 Thread 'MainThread': missing ScriptRunContext! This warning can be ignored when running in bare mode.
2026-09-20 00:34:25.776 Thread 'MainThread': missing ScriptRunContext! This warning can be ignored when running in bare mode.
2026-09-20 00:34:25.777 Thread 'MainThread': missing ScriptRunContext! This warning can be ignored when running in bare mode.
2026-09-20 00:34:25.777 Thread 'MainThread': missing ScriptRunContext! This warning can be ignored when running in bare mode.
2026-09-20 00:34:25.777 Thread 'MainThread': missing ScriptRunContext! This warning can be ignored when running in bare mode.
2026-09-20 00:34:25.778 Thread 'MainThread': missing ScriptRunContext! This warning can be ignored when running in bare mode.
2026-09-20 00:34:25.779 Thread 'MainThread': missing ScriptRunContext! This warning can be ignored when running in bare mode.
2026-09-20 00:34:25.779 Thread 'MainThread': missing ScriptRunContext! This warning can be ignored when running in bare mode.
2026-09-20 00:34:25.780 Thread 'MainThread': missing ScriptRunContext! This warning can be ignored when running in bare mode.
2026-09-20 00:34:25.780 Thread 'MainThread': missing ScriptRunContext! This warning can be ignored when running in bare mode.
2026-09-20 00:34:25.781 Thread 'MainThread': missing ScriptRunContext! This warning can be ignored when running in bare mode.
2026-09-20 00:34:25.784 Thread 'MainThread': missing ScriptRunContext! This warning can be ignored when running in bare mode.
2026-09-20 00:34:25.784 Thread 'MainThread': missing ScriptRunContext! This warning can be ignored when running in bare mode.
2026-09-20 00:34:25.785 Thread 'MainThread': missing ScriptRunContext! This warning can be ignored when running in bare mode.
2026-09-20 00:34:25.785 Thread 'MainThread': missing ScriptRunContext! This warning can be ignored when running in bare mode.
2026-09-20 00:34:25.789 Thread 'MainThread': missing ScriptRunContext! This warning can be ignored when running in bare mode.
2026-09-20 00:34:25.790 Thread 'MainThread': missing ScriptRunContext! This warning can be ignored when running in bare mode.
2026-09-20 00:34:25.794 Thread 'MainThread': missing ScriptRunContext! This warning can be ignored when running in bare mode.
2026-09-20 00:34:25.795 Thread 'MainThread': missing ScriptRunContext! This warning can be ignored when running in bare mode.
2026-09-20 00:34:25.797 Thread 'MainThread': missing ScriptRunContext! This warning can be ignored when running in bare mode.
2026-09-20 00:34:25.798 Thread 'MainThread': missing ScriptRunContext! This warning can be ignored when running in bare mode.
2026-09-20 00:34:25.799 Thread 'MainThread': missing ScriptRunContext! This warning can be ignored when running in bare mode.
2026-09-20 00:34:25.799 Thread 'MainThread': missing ScriptRunContext! This warning can be ignored when running in bare mode.
2026-09-20 00:34:25.800 Thread 'MainThread': missing ScriptRunContext! This warning can be ignored when running in bare mode.
2026-09-20 00:34:25.801 Thread 'MainThread': missing ScriptRunContext! This warning can be ignored when running in bare mode.
2026-09-20 00:34:25.802 Thread 'MainThread': missing ScriptRunContext! This warning can be ignored when running in bare mode.
2026-09-20 00:34:25.802 Thread 'MainThread': missing ScriptRunContext! This warning can be ignored when running in bare mode.
2026-09-20 00:34:25.803 Thread 'MainThread': missing ScriptRunContext! This warning can be ignored when running in bare mode.
2026-09-20 00:34:25.803 Thread 'MainThread': missing ScriptRunContext! This warning can be ignored when running in bare mode.
2026-09-20 00:34:25.803 Thread 'MainThread': missing ScriptRunContext! This warning can be ignored when running in bare mode.
2026-09-20 00:34:25.804 Thread 'MainThread': missing ScriptRunContext! This warning can be ignored when running in bare mode.
2026-09-20 00:34:25.804 Thread 'MainThread': missing ScriptRunContext! This warning can be ignored when running in bare mode.
2026-09-20 00:34:25.804 Thread 'MainThread': missing ScriptRunContext! This warning can be ignored when running in bare mode.
2026-09-20 00:34:25.805 Thread 'MainThread': missing ScriptRunContext! This warning can be ignored when running in bare mode.
2026-09-20 00:34:25.805 Thread 'MainThread': missing ScriptRunContext! This warning can be ignored when running in bare mode.
2026-09-20 00:34:25.806 Thread 'MainThread': missing ScriptRunContext! This warning can be ignored when running in bare mode.
2026-09-20 00:34:25.806 Thread 'MainThread': missing ScriptRunContext! This warning can be ignored when running in bare mode.
2026-09-20 00:34:25.806 Thread 'MainThread': missing ScriptRunContext! This warning can be ignored when running in bare mode.
2026-09-20 00:34:25.806 Thread 'MainThread': missing ScriptRunContext! This warning can be ignored when running in bare mode.
2026-09-20 00:34:25.807 Thread 'MainThread': missing ScriptRunContext! This warning can be ignored when running in bare mode.
2026-09-20 00:34:25.816 Thread 'MainThread': missing ScriptRunContext! This warning can be ignored when running in bare mode.
2026-09-20 00:34:25.816 Thread 'MainThread': missing ScriptRunContext! This warning can be ignored when running in bare mode.
2026-09-20 00:34:25.817 Thread 'MainThread': missing ScriptRunContext! This warning can be ignored when running in bare mode.
2026-09-20 00:34:25.817 Thread 'MainThread': missing ScriptRunContext! This warning can be ignored when running in bare mode.
2026-09-20 00:34:25.818 Thread 'MainThread': missing ScriptRunContext! This warning can be ignored when running in bare mode.
2026-09-20 00:34:25.818 Thread 'MainThread': missing ScriptRunContext! This warning can be ignored when running in bare mode.
2026-09-20 00:34:25.818 Thread 'MainThread': missing ScriptRunContext! This warning can be ignored when running in bare mode.
2026-09-20 00:34:25.819 Thread 'MainThread': missing ScriptRunContext! This warning can be ignored when running in bare mode.
2026-09-20 00:34:25.819 Thread 'MainThread': missing ScriptRunContext! This warning can be ignored when running in bare mode.
2026-09-20 00:34:25.819 Thread 'MainThread': missing ScriptRunContext! This warning can be ignored when running in bare mode.
2026-09-20 00:34:25.820 Thread 'MainThread': missing ScriptRunContext! This warning can be ignored when running in bare mode.
2026-09-20 00:34:25.820 Thread 'MainThread': missing ScriptRunContext! This warning can be ignored when running in bare mode.
2026-09-20 00:34:25.821 Thread 'MainThread': missing ScriptRunContext! This warning can be ignored when running in bare mode.
2026-09-20 00:34:25.821 Thread 'MainThread': missing ScriptRunContext! This warning can be ignored when running in bare mode.
2026-09-20 00:34:25.821 Thread 'MainThread': missing ScriptRunContext! This warning can be ignored when running in bare mode.
2026-09-20 00:34:25.821 Thread 'MainThread': missing ScriptRunContext! This warning can be ignored when running in bare mode.
2026-09-20 00:34:25.822 Thread 'MainThread': missing ScriptRunContext! This warning can be ignored when running in bare mode.
2026-09-20 00:34:25.822 Thread 'MainThread': missing ScriptRunContext! This warning can be ignored when running in bare mode.
2026-09-20 00:34:25.823 Thread 'MainThread': missing ScriptRunContext! This warning can be ignored when running in bare mode.
2026-09-20 00:34:25.823 Thread 'MainThread': missing ScriptRunContext! This warning can be ignored when running in bare mode.
2026-09-20 00:34:25.823 Thread 'MainThread': missing ScriptRunContext! This warning can be ignored when running in bare mode.
2026-09-20 00:34:25.824 Thread 'MainThread': missing ScriptRunContext! This warning can be ignored when running in bare mode.
2026-09-20 00:34:25.824 Thread 'MainThread': missing ScriptRunContext! This warning can be ignored when running in bare mode.
2026-09-20 00:34:25.824 Thread 'MainThread': missing ScriptRunContext! This warning can be ignored when running in bare mode.
2026-09-20 00:34:25.826 Thread 'MainThread': missing ScriptRunContext! This warning can be ignored when running in bare mode.
2026-09-20 00:34:25.827 Thread 'MainThread': missing ScriptRunContext! This warning can be ignored when running in bare mode.
2026-09-20 00:34:25.827 Thread 'MainThread': missing ScriptRunContext! This warning can be ignored when running in bare mode.
2026-09-20 00:34:25.827 Thread 'MainThread': missing ScriptRunContext! This warning can be ignored when running in bare mode.
2026-09-20 00:34:25.828 Thread 'MainThread': missing ScriptRunContext! This warning can be ignored when running in bare mode.
2026-09-20 00:34:25.828 Thread 'MainThread': missing ScriptRunContext! This warning can be ignored when running in bare mode.
2026-09-20 00:34:25.828 Thread 'MainThread': missing ScriptRunContext! This warning can be ignored when running in bare mode.
2026-09-20 00:34:25.828 Thread 'MainThread': missing ScriptRunContext! This warning can be ignored when running in bare mode.
2026-09-20 00:34:25.828 Thread 'MainThread': missing ScriptRunContext! This warning can be ignored when running in bare mode.
2026-09-20 00:34:25.829 Thread 'MainThread': missing ScriptRunContext! This warning can be ignored when running in bare mode.
2026-09-20 00:34:25.830 Thread 'MainThread': missing ScriptRunContext! This warning can be ignored when running in bare mode.
2026-09-20 00:34:25.830 Thread 'MainThread': missing ScriptRunContext! This warning can be ignored when running in bare mode.
2026-09-20 00:34:25.830 Thread 'MainThread': missing ScriptRunContext! This warning can be ignored when running in bare mode.
2026-09-20 00:34:25.831 Thread 'MainThread': missing ScriptRunContext! This warning can be ignored when running in bare mode.
2026-09-20 00:34:25.836 Thread 'MainThread': missing ScriptRunContext! This warning can be ignored when running in bare mode.
2026-09-20 00:34:25.837 Thread 'MainThread': missing ScriptRunContext! This warning can be ignored when running in bare mode.
2026-09-20 00:34:25.837 Thread 'MainThread': missing ScriptRunContext! This warning can be ignored when running in bare mode.
2026-09-20 00:34:25.847 Thread 'MainThread': missing ScriptRunContext! This warning can be ignored when running in bare mode.
2026-09-20 00:34:25.847 Thread 'MainThread': missing ScriptRunContext! This warning can be ignored when running in bare mode.
2026-09-20 00:34:25.853 Thread 'MainThread': missing ScriptRunContext! This warning can be ignored when running in bare mode.
2026-09-20 00:34:25.853 Thread 'MainThread': missing ScriptRunContext! This warning can be ignored when running in bare mode.
2026-09-20 00:34:25.853 Thread 'MainThread': missing ScriptRunContext! This warning can be ignored when running in bare mode.
2026-09-20 00:34:25.854 Thread 'MainThread': missing ScriptRunContext! This warning can be ignored when running in bare mode.
2026-09-20 00:34:25.854 Thread 'MainThread': missing ScriptRunContext! This warning can be ignored when running in bare mode.
2026-09-20 00:34:25.854 Thread 'MainThread': missing ScriptRunContext! This warning can be ignored when running in bare mode.
2026-09-20 00:34:25.855 Thread 'MainThread': missing ScriptRunContext! This warning can be ignored when running in bare mode.
2026-09-20 00:34:25.855 Thread 'MainThread': missing ScriptRunContext! This warning can be ignored when running in bare mode.
2026-09-20 00:34:25.855 Thread 'MainThread': missing ScriptRunContext! This warning can be ignored when running in bare mode.
2026-09-20 00:34:25.856 Thread 'MainThread': missing ScriptRunContext! This warning can be ignored when running in bare mode.
2026-09-20 00:34:25.856 Thread 'MainThread': missing ScriptRunContext! This warning can be ignored when running in bare mode.
2026-09-20 00:34:25.856 Thread 'MainThread': missing ScriptRunContext! This warning can be ignored when running in bare mode.
2026-09-20 00:34:25.857 Thread 'MainThread': missing ScriptRunContext! This warning can be ignored when running in bare mode.
2026-09-20 00:34:25.857 Thread 'MainThread': missing ScriptRunContext! This warning can be ignored when running in bare mode.
2026-09-20 00:34:25.862 Thread 'MainThread': missing ScriptRunContext! This warning can be ignored when running in bare mode.
2026-09-20 00:34:25.862 Thread 'MainThread': missing ScriptRunContext! This warning can be ignored when running in bare mode.
2026-09-20 00:34:25.863 Thread 'MainThread': missing ScriptRunContext! This warning can be ignored when running in bare mode.
2026-09-20 00:34:25.864 Thread 'MainThread': missing ScriptRunContext! This warning can be ignored when running in bare mode.
2026-09-20 00:34:25.864 Thread 'MainThread': missing ScriptRunContext! This warning can be ignored when running in bare mode.
2026-09-20 00:34:25.865 Thread 'MainThread': missing ScriptRunContext! This warning can be ignored when running in bare mode.
2026-09-20 00:34:25.865 Thread 'MainThread': missing ScriptRunContext! This warning can be ignored when running in bare mode.
2026-09-20 00:34:25.865 Thread 'MainThread': missing ScriptRunContext! This warning can be ignored when running in bare mode.
2026-09-20 00:34:25.866 Thread 'MainThread': missing ScriptRunContext! This warning can be ignored when running in bare mode.
2026-09-20 00:34:25.866 Thread 'MainThread': missing ScriptRunContext! This warning can be ignored when running in bare mode.
2026-09-20 00:34:25.867 Thread 'MainThread': missing ScriptRunContext! This warning can be ignored when running in bare mode.
2026-09-20 00:34:25.867 Thread 'MainThread': missing ScriptRunContext! This warning can be ignored when running in bare mode.
2026-09-20 00:34:25.868 Thread 'MainThread': missing ScriptRunContext! This warning can be ignored when running in bare mode.
2026-09-20 00:34:25.868 Thread 'MainThread': missing ScriptRunContext! This warning can be ignored when running in bare mode.
2026-09-20 00:34:25.868 Thread 'MainThread': missing ScriptRunContext! This warning can be ignored when running in bare mode.
2026-09-20 00:34:25.869 Thread 'MainThread': missing ScriptRunContext! This warning can be ignored when running in bare mode.
2026-09-20 00:34:25.869 Thread 'MainThread': missing ScriptRunContext! This warning can be ignored when running in bare mode.
2026-09-20 00:34:25.869 Thread 'MainThread': missing ScriptRunContext! This warning can be ignored when running in bare mode.
2026-09-20 00:34:25.870 Thread 'MainThread': missing ScriptRunContext! This warning can be ignored when running in bare mode.
2026-09-20 00:34:25.870 Thread 'MainThread': missing ScriptRunContext! This warning can be ignored when running in bare mode.
2026-09-20 00:34:25.871 Thread 'MainThread': missing ScriptRunContext! This warning can be ignored when running in bare mode.
2026-09-20 00:34:25.871 Thread 'MainThread': missing ScriptRunContext! This warning can be ignored when running in bare mode.
2026-09-20 00:34:25.871 Thread 'MainThread': missing ScriptRunContext! This warning can be ignored when running in bare mode.
2026-09-20 00:34:25.872 Thread 'MainThread': missing ScriptRunContext! This warning can be ignored when running in bare mode.
2026-09-20 00:34:25.873 Thread 'MainThread': missing ScriptRunContext! This warning can be ignored when running in bare mode.
2026-09-20 00:34:25.874 Thread 'MainThread': missing ScriptRunContext! This warning can be ignored when running in bare mode.
2026-09-20 00:34:25.874 Thread 'MainThread': missing ScriptRunContext! This warning can be ignored when running in bare mode.
2026-09-20 00:34:25.875 Thread 'MainThread': missing ScriptRunContext! This warning can be ignored when running in bare mode.
2026-09-20 00:34:25.877 Thread 'MainThread': missing ScriptRunContext! This warning can be ignored when running in bare mode.
2026-09-20 00:34:25.878 Thread 'MainThread': missing ScriptRunContext! This warning can be ignored when running in bare mode.
2026-09-20 00:34:25.878 Thread 'MainThread': missing ScriptRunContext! This warning can be ignored when running in bare mode.
2026-09-20 00:34:25.878 Thread 'MainThread': missing ScriptRunContext! This warning can be ignored when running in bare mode.
2026-09-20 00:34:25.879 Thread 'MainThread': missing ScriptRunContext! This warning can be ignored when running in bare mode.
2026-09-20 00:34:25.879 Thread 'MainThread': missing ScriptRunContext! This warning can be ignored when running in bare mode.
2026-09-20 00:34:25.880 Thread 'MainThread': missing ScriptRunContext! This warning can be ignored when running in bare mode.
2026-09-20 00:34:25.880 Thread 'MainThread': missing ScriptRunContext! This warning can be ignored when running in bare mode.
2026-09-20 00:34:25.880 Thread 'MainThread': missing ScriptRunContext! This warning can be ignored when running in bare mode.
2026-09-20 00:34:25.881 Thread 'MainThread': missing ScriptRunContext! This warning can be ignored when running in bare mode.
2026-09-20 00:34:25.881 Thread 'MainThread': missing ScriptRunContext! This warning can be ignored when running in bare mode.
2026-09-20 00:34:25.882 Thread 'MainThread': missing ScriptRunContext! This warning can be ignored when running in bare mode.
2026-09-20 00:34:25.882 Thread 'MainThread': missing ScriptRunContext! This warning can be ignored when running in bare mode.
2026-09-20 00:34:26.258 Please replace `use_container_width` with `width`.

`use_container_width` will be removed after 2025-12-31.

For `use_container_width=True`, use `width='stretch'`. For `use_container_width=False`, use `width='content'`.
2026-09-20 00:34:26.282 Thread 'MainThread': missing ScriptRunContext! This warning can be ignored when running in bare mode.
2026-09-20 00:34:26.283 Thread 'MainThread': missing ScriptRunContext! This warning can be ignored when running in bare mode.
2026-09-20 00:34:26.283 Thread 'MainThread': missing ScriptRunContext! This warning can be ignored when running in bare mode.
2026-09-20 00:34:26.283 Thread 'MainThread': missing ScriptRunContext! This warning can be ignored when running in bare mode.
2026-09-20 00:34:26.284 Thread 'MainThread': missing ScriptRunContext! This warning can be ignored when running in bare mode.
2026-09-20 00:34:26.378 Please replace `use_container_width` with `width`.

`use_container_width` will be removed after 2025-12-31.

For `use_container_width=True`, use `width='stretch'`. For `use_container_width=False`, use `width='content'`.
2026-09-20 00:34:26.382 Thread 'MainThread': missing ScriptRunContext! This warning can be ignored when running in bare mode.
2026-09-20 00:34:26.382 Thread 'MainThread': missing ScriptRunContext! This warning can be ignored when running in bare mode.
2026-09-20 00:34:26.383 Thread 'MainThread': missing ScriptRunContext! This warning can be ignored when running in bare mode.
2026-09-20 00:34:26.383 Thread 'MainThread': missing ScriptRunContext! This warning can be ignored when running in bare mode.
2026-09-20 00:34:26.383 Thread 'MainThread': missing ScriptRunContext! This warning can be ignored when running in bare mode.
2026-09-20 00:34:26.384 Thread 'MainThread': missing ScriptRunContext! This warning can be ignored when running in bare mode.
2026-09-20 00:34:26.385 Thread 'MainThread': missing ScriptRunContext! This warning can be ignored when running in bare mode.
2026-09-20 00:34:26.385 Thread 'MainThread': missing ScriptRunContext! This warning can be ignored when running in bare mode.
2026-09-20 00:34:26.385 Thread 'MainThread': missing ScriptRunContext! This warning can be ignored when running in bare mode.
2026-09-20 00:34:26.390 Thread 'MainThread': missing ScriptRunContext! This warning can be ignored when running in bare mode.
2026-09-20 00:34:26.390 Thread 'MainThread': missing ScriptRunContext! This warning can be ignored when running in bare mode.
2026-09-20 00:34:26.391 Thread 'MainThread': missing ScriptRunContext! This warning can be ignored when running in bare mode.
2026-09-20 00:34:26.391 Please replace `use_container_width` with `width`.

`use_container_width` will be removed after 2025-12-31.

For `use_container_width=True`, use `width='stretch'`. For `use_container_width=False`, use `width='content'`.
2026-09-20 00:34:26.477 Thread 'MainThread': missing ScriptRunContext! This warning can be ignored when running in bare mode.
2026-09-20 00:34:26.478 Thread 'MainThread': missing ScriptRunContext! This warning can be ignored when running in bare mode.
2026-09-20 00:34:26.478 Thread 'MainThread': missing ScriptRunContext! This warning can be ignored when running in bare mode.
2026-09-20 00:34:26.479 Thread 'MainThread': missing ScriptRunContext! This warning can be ignored when running in bare mode.
2026-09-20 00:34:26.606 Please replace `use_container_width` with `width`.

`use_container_width` will be removed after 2025-12-31.

For `use_container_width=True`, use `width='stretch'`. For `use_container_width=False`, use `width='content'`.
2026-09-20 00:34:26.616 Thread 'MainThread': missing ScriptRunContext! This warning can be ignored when running in bare mode.
2026-09-20 00:34:26.616 Thread 'MainThread': missing ScriptRunContext! This warning can be ignored when running in bare mode.
2026-09-20 00:34:26.616 Thread 'MainThread': missing ScriptRunContext! This warning can be ignored when running in bare mode.
2026-09-20 00:34:26.617 Thread 'MainThread': missing ScriptRunContext! This warning can be ignored when running in bare mode.
2026-09-20 00:34:26.617 Thread 'MainThread': missing ScriptRunContext! This warning can be ignored when running in bare mode.
2026-09-20 00:34:26.621 Thread 'MainThread': missing ScriptRunContext! This warning can be ignored when running in bare mode.
2026-09-20 00:34:26.621 Thread 'MainThread': missing ScriptRunContext! This warning can be ignored when running in bare mode.
2026-09-20 00:34:26.622 Thread 'MainThread': missing ScriptRunContext! This warning can be ignored when running in bare mode.
2026-09-20 00:34:26.622 Thread 'MainThread': missing ScriptRunContext! This warning can be ignored when running in bare mode.
2026-09-20 00:34:26.623 Thread 'MainThread': missing ScriptRunContext! This warning can be ignored when running in bare mode.
2026-09-20 00:34:26.623 Thread 'MainThread': missing ScriptRunContext! This warning can be ignored when running in bare mode.
2026-09-20 00:34:26.623 Thread 'MainThread': missing ScriptRunContext! This warning can be ignored when running in bare mode.
2026-09-20 00:34:26.624 Thread 'MainThread': missing ScriptRunContext! This warning can be ignored when running in bare mode.
2026-09-20 00:34:26.624 Thread 'MainThread': missing ScriptRunContext! This warning can be ignored when running in bare mode.
2026-09-20 00:34:26.624 Thread 'MainThread': missing ScriptRunContext! This warning can be ignored when running in bare mode.
2026-09-20 00:34:26.626 Thread 'MainThread': missing ScriptRunContext! This warning can be ignored when running in bare mode.
2026-09-20 00:34:26.626 Thread 'MainThread': missing ScriptRunContext! This warning can be ignored when running in bare mode.
2026-09-20 00:34:26.627 Thread 'MainThread': missing ScriptRunContext! This warning can be ignored when running in bare mode.
2026-09-20 00:34:26.634 Thread 'MainThread': missing ScriptRunContext! This warning can be ignored when running in bare mode.
2026-09-20 00:34:26.634 Thread 'MainThread': missing ScriptRunContext! This warning can be ignored when running in bare mode.
2026-09-20 00:34:26.634 Thread 'MainThread': missing ScriptRunContext! This warning can be ignored when running in bare mode.
2026-09-20 00:34:26.635 Thread 'MainThread': missing ScriptRunContext! This warning can be ignored when running in bare mode.
2026-09-20 00:34:26.635 Thread 'MainThread': missing ScriptRunContext! This warning can be ignored when running in bare mode.
2026-09-20 00:34:26.636 Thread 'MainThread': missing ScriptRunContext! This warning can be ignored when running in bare mode.
2026-09-20 00:34:26.636 Thread 'MainThread': missing ScriptRunContext! This warning can be ignored when running in bare mode.
2026-09-20 00:34:26.636 Thread 'MainThread': missing ScriptRunContext! This warning can be ignored when running in bare mode.
2026-09-20 00:34:26.637 Thread 'MainThread': missing ScriptRunContext! This warning can be ignored when running in bare mode.
2026-09-20 00:34:26.637 Thread 'MainThread': missing ScriptRunContext! This warning can be ignored when running in bare mode.
2026-09-20 00:34:26.638 Thread 'MainThread': missing ScriptRunContext! This warning can be ignored when running in bare mode.
2026-09-20 00:34:26.638 Thread 'MainThread': missing ScriptRunContext! This warning can be ignored when running in bare mode.
2026-09-20 00:34:26.638 Thread 'MainThread': missing ScriptRunContext! This warning can be ignored when running in bare mode.
2026-09-20 00:34:26.639 Thread 'MainThread': missing ScriptRunContext! This warning can be ignored when running in bare mode.
2026-09-20 00:34:26.639 Thread 'MainThread': missing ScriptRunContext! This warning can be ignored when running in bare mode.
2026-09-20 00:34:26.639 Thread 'MainThread': missing ScriptRunContext! This warning can be ignored when running in bare mode.
2026-09-20 00:34:26.640 Thread 'MainThread': missing ScriptRunContext! This warning can be ignored when running in bare mode.
2026-09-20 00:34:26.640 Thread 'MainThread': missing ScriptRunContext! This warning can be ignored when running in bare mode.
2026-09-20 00:34:26.645 Thread 'MainThread': missing ScriptRunContext! This warning can be ignored when running in bare mode.
2026-09-20 00:34:26.647 Thread 'MainThread': missing ScriptRunContext! This warning can be ignored when running in bare mode.
2026-09-20 00:34:26.647 Thread 'MainThread': missing ScriptRunContext! This warning can be ignored when running in bare mode.
2026-09-20 00:34:26.647 Thread 'MainThread': missing ScriptRunContext! This warning can be ignored when running in bare mode.
2026-09-20 00:34:26.648 Thread 'MainThread': missing ScriptRunContext! This warning can be ignored when running in bare mode.
2026-09-20 00:34:26.648 Thread 'MainThread': missing ScriptRunContext! This warning can be ignored when running in bare mode.
2026-09-20 00:34:26.648 Thread 'MainThread': missing ScriptRunContext! This warning can be ignored when running in bare mode.
2026-09-20 00:34:26.649 Thread 'MainThread': missing ScriptRunContext! This warning can be ignored when running in bare mode.
2026-09-20 00:34:26.649 Thread 'MainThread': missing ScriptRunContext! This warning can be ignored when running in bare mode.
2026-09-20 00:34:26.650 Thread 'MainThread': missing ScriptRunContext! This warning can be ignored when running in bare mode.
2026-09-20 00:34:26.650 Thread 'MainThread': missing ScriptRunContext! This warning can be ignored when running in bare mode.
2026-09-20 00:34:26.651 Thread 'MainThread': missing ScriptRunContext! This warning can be ignored when running in bare mode.
2026-09-20 00:34:26.651 Thread 'MainThread': missing ScriptRunContext! This warning can be ignored when running in bare mode.
2026-09-20 00:34:26.651 Thread 'MainThread': missing ScriptRunContext! This warning can be ignored when running in bare mode.
2026-09-20 00:34:26.651 Thread 'MainThread': missing ScriptRunContext! This warning can be ignored when running in bare mode.
2026-09-20 00:34:26.652 Thread 'MainThread': missing ScriptRunContext! This warning can be ignored when running in bare mode.
2026-09-20 00:34:26.652 Thread 'MainThread': missing ScriptRunContext! This warning can be ignored when running in bare mode.
2026-09-20 00:34:26.652 Thread 'MainThread': missing ScriptRunContext! This warning can be ignored when running in bare mode.
2026-09-20 00:34:26.653 Thread 'MainThread': missing ScriptRunContext! This warning can be ignored when running in bare mode.
2026-09-20 00:34:26.654 Thread 'MainThread': missing ScriptRunContext! This warning can be ignored when running in bare mode.
2026-09-20 00:34:26.654 Thread 'MainThread': missing ScriptRunContext! This warning can be ignored when running in bare mode.
2026-09-20 00:34:26.655 Thread 'MainThread': missing ScriptRunContext! This warning can be ignored when running in bare mode.
2026-09-20 00:34:26.655 Thread 'MainThread': missing ScriptRunContext! This warning can be ignored when running in bare mode.
2026-09-20 00:34:26.655 Thread 'MainThread': missing ScriptRunContext! This warning can be ignored when running in bare mode.
2026-09-20 00:34:26.665 Thread 'MainThread': missing ScriptRunContext! This warning can be ignored when running in bare mode.
2026-09-20 00:34:26.666 Thread 'MainThread': missing ScriptRunContext! This warning can be ignored when running in bare mode.
2026-09-20 00:34:26.666 Thread 'MainThread': missing ScriptRunContext! This warning can be ignored when running in bare mode.
2026-09-20 00:34:26.667 Thread 'MainThread': missing ScriptRunContext! This warning can be ignored when running in bare mode.
2026-09-20 00:34:26.667 Thread 'MainThread': missing ScriptRunContext! This warning can be ignored when running in bare mode.
2026-09-20 00:34:26.667 Thread 'MainThread': missing ScriptRunContext! This warning can be ignored when running in bare mode.
2026-09-20 00:34:26.668 Thread 'MainThread': missing ScriptRunContext! This warning can be ignored when running in bare mode.
2026-09-20 00:34:26.668 Thread 'MainThread': missing ScriptRunContext! This warning can be ignored when running in bare mode.
2026-09-20 00:34:26.668 Thread 'MainThread': missing ScriptRunContext! This warning can be ignored when running in bare mode.
2026-09-20 00:34:26.669 Thread 'MainThread': missing ScriptRunContext! This warning can be ignored when running in bare mode.
2026-09-20 00:34:26.669 Thread 'MainThread': missing ScriptRunContext! This warning can be ignored when running in bare mode.
2026-09-20 00:34:26.669 Thread 'MainThread': missing ScriptRunContext! This warning can be ignored when running in bare mode.
2026-09-20 00:34:26.672 Thread 'MainThread': missing ScriptRunContext! This warning can be ignored when running in bare mode.
2026-09-20 00:34:26.673 Thread 'MainThread': missing ScriptRunContext! This warning can be ignored when running in bare mode.
2026-09-20 00:34:26.673 Thread 'MainThread': missing ScriptRunContext! This warning can be ignored when running in bare mode.
2026-09-20 00:34:26.674 Thread 'MainThread': missing ScriptRunContext! This warning can be ignored when running in bare mode.
2026-09-20 00:34:26.674 Thread 'MainThread': missing ScriptRunContext! This warning can be ignored when running in bare mode.
2026-09-20 00:34:26.677 Thread 'MainThread': missing ScriptRunContext! This warning can be ignored when running in bare mode.
2026-09-20 00:34:26.677 Thread 'MainThread': missing ScriptRunContext! This warning can be ignored when running in bare mode.
2026-09-20 00:34:26.678 Thread 'MainThread': missing ScriptRunContext! This warning can be ignored when running in bare mode.
2026-09-20 00:34:26.678 Thread 'MainThread': missing ScriptRunContext! This warning can be ignored when running in bare mode.
2026-09-20 00:34:26.679 Thread 'MainThread': missing ScriptRunContext! This warning can be ignored when running in bare mode.
2026-09-20 00:34:26.679 Thread 'MainThread': missing ScriptRunContext! This warning can be ignored when running in bare mode.
2026-09-20 00:34:26.680 Thread 'MainThread': missing ScriptRunContext! This warning can be ignored when running in bare mode.
2026-09-20 00:34:26.691 Thread 'MainThread': missing ScriptRunContext! This warning can be ignored when running in bare mode.
2026-09-20 00:34:26.694 Thread 'MainThread': missing ScriptRunContext! This warning can be ignored when running in bare mode.
2026-09-20 00:34:26.695 Thread 'MainThread': missing ScriptRunContext! This warning can be ignored when running in bare mode.
2026-09-20 00:34:26.831 Please replace `use_container_width` with `width`.

`use_container_width` will be removed after 2025-12-31.

For `use_container_width=True`, use `width='stretch'`. For `use_container_width=False`, use `width='content'`.
2026-09-20 00:34:26.836 Thread 'MainThread': missing ScriptRunContext! This warning can be ignored when running in bare mode.
2026-09-20 00:34:26.836 Thread 'MainThread': missing ScriptRunContext! This warning can be ignored when running in bare mode.
2026-09-20 00:34:26.837 Thread 'MainThread': missing ScriptRunContext! This warning can be ignored when running in bare mode.
2026-09-20 00:34:26.837 Thread 'MainThread': missing ScriptRunContext! This warning can be ignored when running in bare mode.
2026-09-20 00:34:26.837 Thread 'MainThread': missing ScriptRunContext! This warning can be ignored when running in bare mode.
2026-09-20 00:34:26.838 Thread 'MainThread': missing ScriptRunContext! This warning can be ignored when running in bare mode.
2026-09-20 00:34:26.838 Thread 'MainThread': missing ScriptRunContext! This warning can be ignored when running in bare mode.
2026-09-20 00:34:26.839 Thread 'MainThread': missing ScriptRunContext! This warning can be ignored when running in bare mode.
2026-09-20 00:34:26.847 Thread 'MainThread': missing ScriptRunContext! This warning can be ignored when running in bare mode.
2026-09-20 00:34:26.847 Thread 'MainThread': missing ScriptRunContext! This warning can be ignored when running in bare mode.
2026-09-20 00:34:26.848 Thread 'MainThread': missing ScriptRunContext! This warning can be ignored when running in bare mode.
2026-09-20 00:34:26.848 Thread 'MainThread': missing ScriptRunContext! This warning can be ignored when running in bare mode.
2026-09-20 00:34:26.849 Thread 'MainThread': missing ScriptRunContext! This warning can be ignored when running in bare mode.
2026-09-20 00:34:26.849 Thread 'MainThread': missing ScriptRunContext! This warning can be ignored when running in bare mode.
2026-09-20 00:34:26.850 Thread 'MainThread': missing ScriptRunContext! This warning can be ignored when running in bare mode.
2026-09-20 00:34:26.850 Thread 'MainThread': missing ScriptRunContext! This warning can be ignored when running in bare mode.
2026-09-20 00:34:26.850 Thread 'MainThread': missing ScriptRunContext! This warning can be ignored when running in bare mode.
2026-09-20 00:34:26.850 Thread 'MainThread': missing ScriptRunContext! This warning can be ignored when running in bare mode.
2026-09-20 00:34:26.851 Thread 'MainThread': missing ScriptRunContext! This warning can be ignored when running in bare mode.
2026-09-20 00:34:26.851 Thread 'MainThread': missing ScriptRunContext! This warning can be ignored when running in bare mode.
2026-09-20 00:34:26.851 Thread 'MainThread': missing ScriptRunContext! This warning can be ignored when running in bare mode.
2026-09-20 00:34:26.852 Thread 'MainThread': missing ScriptRunContext! This warning can be ignored when running in bare mode.
2026-09-20 00:34:26.852 Thread 'MainThread': missing ScriptRunContext! This warning can be ignored when running in bare mode.
2026-09-20 00:34:26.853 Thread 'MainThread': missing ScriptRunContext! This warning can be ignored when running in bare mode.
2026-09-20 00:34:26.853 Thread 'MainThread': missing ScriptRunContext! This warning can be ignored when running in bare mode.
2026-09-20 00:34:26.853 Thread 'MainThread': missing ScriptRunContext! This warning can be ignored when running in bare mode.
2026-09-20 00:34:26.854 Thread 'MainThread': missing ScriptRunContext! This warning can be ignored when running in bare mode.
2026-09-20 00:34:26.854 Thread 'MainThread': missing ScriptRunContext! This warning can be ignored when running in bare mode.
2026-09-20 00:34:26.854 Thread 'MainThread': missing ScriptRunContext! This warning can be ignored when running in bare mode.
2026-09-20 00:34:26.855 Thread 'MainThread': missing ScriptRunContext! This warning can be ignored when running in bare mode.
2026-09-20 00:34:26.855 Thread 'MainThread': missing ScriptRunContext! This warning can be ignored when running in bare mode.
2026-09-20 00:34:26.856 Thread 'MainThread': missing ScriptRunContext! This warning can be ignored when running in bare mode.
2026-09-20 00:34:26.856 Thread 'MainThread': missing ScriptRunContext! This warning can be ignored when running in bare mode.
2026-09-20 00:34:26.857 Thread 'MainThread': missing ScriptRunContext! This warning can be ignored when running in bare mode.
2026-09-20 00:34:26.857 Thread 'MainThread': missing ScriptRunContext! This warning can be ignored when running in bare mode.
2026-09-20 00:34:26.857 Thread 'MainThread': missing ScriptRunContext! This warning can be ignored when running in bare mode.
2026-09-20 00:34:26.858 Thread 'MainThread': missing ScriptRunContext! This warning can be ignored when running in bare mode.
2026-09-20 00:34:26.864 Thread 'MainThread': missing ScriptRunContext! This warning can be ignored when running in bare mode.
2026-09-20 00:34:26.864 Thread 'MainThread': missing ScriptRunContext! This warning can be ignored when running in bare mode.
2026-09-20 00:34:26.865 Thread 'MainThread': missing ScriptRunContext! This warning can be ignored when running in bare mode.
2026-09-20 00:34:26.865 Thread 'MainThread': missing ScriptRunContext! This warning can be ignored when running in bare mode.
2026-09-20 00:34:26.868 Thread 'MainThread': missing ScriptRunContext! This warning can be ignored when running in bare mode.
2026-09-20 00:34:26.868 Thread 'MainThread': missing ScriptRunContext! This warning can be ignored when running in bare mode.
2026-09-20 00:34:26.869 Thread 'MainThread': missing ScriptRunContext! This warning can be ignored when running in bare mode.
2026-09-20 00:34:26.869 Thread 'MainThread': missing ScriptRunContext! This warning can be ignored when running in bare mode.
2026-09-20 00:34:26.869 Thread 'MainThread': missing ScriptRunContext! This warning can be ignored when running in bare mode.
2026-09-20 00:34:26.870 Thread 'MainThread': missing ScriptRunContext! This warning can be ignored when running in bare mode.
2026-09-20 00:34:26.931 Thread 'MainThread': missing ScriptRunContext! This warning can be ignored when running in bare mode.
2026-09-20 00:34:26.931 Thread 'MainThread': missing ScriptRunContext! This warning can be ignored when running in bare mode.
2026-09-20 00:34:26.931 Thread 'MainThread': missing ScriptRunContext! This warning can be ignored when running in bare mode.
2026-09-20 00:34:26.931 Thread 'MainThread': missing ScriptRunContext! This warning can be ignored when running in bare mode.
2026-09-20 00:34:26.932 Thread 'MainThread': missing ScriptRunContext! This warning can be ignored when running in bare mode.
2026-09-20 00:34:26.932 Thread 'MainThread': missing ScriptRunContext! This warning can be ignored when running in bare mode.
2026-09-20 00:34:26.933 Thread 'MainThread': missing ScriptRunContext! This warning can be ignored when running in bare mode.
2026-09-20 00:34:26.933 Thread 'MainThread': missing ScriptRunContext! This warning can be ignored when running in bare mode.
2026-09-20 00:34:26.933 Thread 'MainThread': missing ScriptRunContext! This warning can be ignored when running in bare mode.
2026-09-20 00:34:26.934 Thread 'MainThread': missing ScriptRunContext! This warning can be ignored when running in bare mode.
2026-09-20 00:34:26.934 Thread 'MainThread': missing ScriptRunContext! This warning can be ignored when running in bare mode.
2026-09-20 00:34:26.934 Thread 'MainThread': missing ScriptRunContext! This warning can be ignored when running in bare mode.
2026-09-20 00:34:26.934 Thread 'MainThread': missing ScriptRunContext! This warning can be ignored when running in bare mode.
2026-09-20 00:34:26.935 Thread 'MainThread': missing ScriptRunContext! This warning can be ignored when running in bare mode.
2026-09-20 00:34:26.935 Thread 'MainThread': missing ScriptRunContext! This warning can be ignored when running in bare mode.
2026-09-20 00:34:26.935 Thread 'MainThread': missing ScriptRunContext! This warning can be ignored when running in bare mode.
2026-09-20 00:34:26.936 Thread 'MainThread': missing ScriptRunContext! This warning can be ignored when running in bare mode.
2026-09-20 00:34:26.936 Thread 'MainThread': missing ScriptRunContext! This warning can be ignored when running in bare mode.
2026-09-20 00:34:26.937 Thread 'MainThread': missing ScriptRunContext! This warning can be ignored when running in bare mode.
2026-09-20 00:34:26.937 Thread 'MainThread': missing ScriptRunContext! This warning can be ignored when running in bare mode.
2026-09-20 00:34:26.937 Thread 'MainThread': missing ScriptRunContext! This warning can be ignored when running in bare mode.
2026-09-20 00:34:26.938 Thread 'MainThread': missing ScriptRunContext! This warning can be ignored when running in bare mode.
2026-09-20 00:34:26.938 Thread 'MainThread': missing ScriptRunContext! This warning can be ignored when running in bare mode.
2026-09-20 00:34:26.938 Thread 'MainThread': missing ScriptRunContext! This warning can be ignored when running in bare mode.
2026-09-20 00:34:26.938 Thread 'MainThread': missing ScriptRunContext! This warning can be ignored when running in bare mode.
2026-09-20 00:34:26.939 Thread 'MainThread': missing ScriptRunContext! This warning can be ignored when running in bare mode.
2026-09-20 00:34:26.939 Thread 'MainThread': missing ScriptRunContext! This warning can be ignored when running in bare mode.
2026-09-20 00:34:26.940 Thread 'MainThread': missing ScriptRunContext! This warning can be ignored when running in bare mode.
2026-09-20 00:34:26.940 Thread 'MainThread': missing ScriptRunContext! This warning can be ignored when running in bare mode.
2026-09-20 00:34:26.940 Thread 'MainThread': missing ScriptRunContext! This warning can be ignored when running in bare mode.
2026-09-20 00:34:26.941 Thread 'MainThread': missing ScriptRunContext! This warning can be ignored when running in bare mode.
2026-09-20 00:34:26.941 Thread 'MainThread': missing ScriptRunContext! This warning can be ignored when running in bare mode.
2026-09-20 00:34:26.950 Thread 'MainThread': missing ScriptRunContext! This warning can be ignored when running in bare mode.
2026-09-20 00:34:26.950 Thread 'MainThread': missing ScriptRunContext! This warning can be ignored when running in bare mode.
2026-09-20 00:34:26.950 Thread 'MainThread': missing ScriptRunContext! This warning can be ignored when running in bare mode.
2026-09-20 00:34:26.951 Thread 'MainThread': missing ScriptRunContext! This warning can be ignored when running in bare mode.
2026-09-20 00:34:26.951 Thread 'MainThread': missing ScriptRunContext! This warning can be ignored when running in bare mode.
2026-09-20 00:34:26.951 Thread 'MainThread': missing ScriptRunContext! This warning can be ignored when running in bare mode.
2026-09-20 00:34:26.952 Thread 'MainThread': missing ScriptRunContext! This warning can be ignored when running in bare mode.
2026-09-20 00:34:26.952 Thread 'MainThread': missing ScriptRunContext! This warning can be ignored when running in bare mode.
2026-09-20 00:34:26.953 Thread 'MainThread': missing ScriptRunContext! This warning can be ignored when running in bare mode.
2026-09-20 00:34:26.953 Thread 'MainThread': missing ScriptRunContext! This warning can be ignored when running in bare mode.
2026-09-20 00:34:26.954 Thread 'MainThread': missing ScriptRunContext! This warning can be ignored when running in bare mode.
2026-09-20 00:34:26.954 Thread 'MainThread': missing ScriptRunContext! This warning can be ignored when running in bare mode.
2026-09-20 00:34:26.954 Thread 'MainThread': missing ScriptRunContext! This warning can be ignored when running in bare mode.
2026-09-20 00:34:26.955 Thread 'MainThread': missing ScriptRunContext! This warning can be ignored when running in bare mode.
2026-09-20 00:34:26.955 Thread 'MainThread': missing ScriptRunContext! This warning can be ignored when running in bare mode.
2026-09-20 00:34:26.956 Thread 'MainThread': missing ScriptRunContext! This warning can be ignored when running in bare mode.
2026-09-20 00:34:26.956 Thread 'MainThread': missing ScriptRunContext! This warning can be ignored when running in bare mode.
2026-09-20 00:34:26.956 Thread 'MainThread': missing ScriptRunContext! This warning can be ignored when running in bare mode.
2026-09-20 00:34:26.957 Thread 'MainThread': missing ScriptRunContext! This warning can be ignored when running in bare mode.
2026-09-20 00:34:26.958 Thread 'MainThread': missing ScriptRunContext! This warning can be ignored when running in bare mode.
2026-09-20 00:34:26.963 Thread 'MainThread': missing ScriptRunContext! This warning can be ignored when running in bare mode.
2026-09-20 00:34:26.967 Thread 'MainThread': missing ScriptRunContext! This warning can be ignored when running in bare mode.
2026-09-20 00:34:26.967 Thread 'MainThread': missing ScriptRunContext! This warning can be ignored when running in bare mode.
2026-09-20 00:34:26.967 Thread 'MainThread': missing ScriptRunContext! This warning can be ignored when running in bare mode.
2026-09-20 00:34:26.968 Thread 'MainThread': missing ScriptRunContext! This warning can be ignored when running in bare mode.
2026-09-20 00:34:26.968 Thread 'MainThread': missing ScriptRunContext! This warning can be ignored when running in bare mode.
2026-09-20 00:34:26.969 Thread 'MainThread': missing ScriptRunContext! This warning can be ignored when running in bare mode.
2026-09-20 00:34:26.969 Thread 'MainThread': missing ScriptRunContext! This warning can be ignored when running in bare mode.
2026-09-20 00:34:26.969 Thread 'MainThread': missing ScriptRunContext! This warning can be ignored when running in bare mode.
2026-09-20 00:34:26.969 Thread 'MainThread': missing ScriptRunContext! This warning can be ignored when running in bare mode.
2026-09-20 00:34:26.970 Thread 'MainThread': missing ScriptRunContext! This warning can be ignored when running in bare mode.
2026-09-20 00:34:26.970 Thread 'MainThread': missing ScriptRunContext! This warning can be ignored when running in bare mode.
2026-09-20 00:34:26.971 Thread 'MainThread': missing ScriptRunContext! This warning can be ignored when running in bare mode.
2026-09-20 00:34:26.971 Thread 'MainThread': missing ScriptRunContext! This warning can be ignored when running in bare mode.
2026-09-20 00:34:26.971 Thread 'MainThread': missing ScriptRunContext! This warning can be ignored when running in bare mode.
2026-09-20 00:34:26.971 Thread 'MainThread': missing ScriptRunContext! This warning can be ignored when running in bare mode.
2026-09-20 00:34:26.972 Thread 'MainThread': missing ScriptRunContext! This warning can be ignored when running in bare mode.
2026-09-20 00:34:26.972 Thread 'MainThread': missing ScriptRunContext! This warning can be ignored when running in bare mode.
2026-09-20 00:34:26.972 Thread 'MainThread': missing ScriptRunContext! This warning can be ignored when running in bare mode.
2026-09-20 00:34:26.973 Thread 'MainThread': missing ScriptRunContext! This warning can be ignored when running in bare mode.
2026-09-20 00:34:26.973 Thread 'MainThread': missing ScriptRunContext! This warning can be ignored when running in bare mode.
2026-09-20 00:34:27.124 Please replace `use_container_width` with `width`.

`use_container_width` will be removed after 2025-12-31.

For `use_container_width=True`, use `width='stretch'`. For `use_container_width=False`, use `width='content'`.
2026-09-20 00:34:27.133 Thread 'MainThread': missing ScriptRunContext! This warning can be ignored when running in bare mode.
2026-09-20 00:34:27.133 Thread 'MainThread': missing ScriptRunContext! This warning can be ignored when running in bare mode.
2026-09-20 00:34:27.134 Thread 'MainThread': missing ScriptRunContext! This warning can be ignored when running in bare mode.
2026-09-20 00:34:27.135 Thread 'MainThread': missing ScriptRunContext! This warning can be ignored when running in bare mode.
2026-09-20 00:34:27.135 Thread 'MainThread': missing ScriptRunContext! This warning can be ignored when running in bare mode.
2026-09-20 00:34:27.203 Please replace `use_container_width` with `width`.

`use_container_width` will be removed after 2025-12-31.

For `use_container_width=True`, use `width='stretch'`. For `use_container_width=False`, use `width='content'`.
2026-09-20 00:34:27.207 Thread 'MainThread': missing ScriptRunContext! This warning can be ignored when running in bare mode.
2026-09-20 00:34:27.208 Thread 'MainThread': missing ScriptRunContext! This warning can be ignored when running in bare mode.
2026-09-20 00:34:27.208 Thread 'MainThread': missing ScriptRunContext! This warning can be ignored when running in bare mode.
2026-09-20 00:34:27.208 Thread 'MainThread': missing ScriptRunContext! This warning can be ignored when running in bare mode.
2026-09-20 00:34:27.209 Thread 'MainThread': missing ScriptRunContext! This warning can be ignored when running in bare mode.
2026-09-20 00:34:27.254 Please replace `use_container_width` with `width`.

`use_container_width` will be removed after 2025-12-31.

For `use_container_width=True`, use `width='stretch'`. For `use_container_width=False`, use `width='content'`.
2026-09-20 00:34:27.263 Thread 'MainThread': missing ScriptRunContext! This warning can be ignored when running in bare mode.
2026-09-20 00:34:27.264 Thread 'MainThread': missing ScriptRunContext! This warning can be ignored when running in bare mode.
2026-09-20 00:34:27.264 Thread 'MainThread': missing ScriptRunContext! This warning can be ignored when running in bare mode.
2026-09-20 00:34:27.265 Thread 'MainThread': missing ScriptRunContext! This warning can be ignored when running in bare mode.
2026-09-20 00:34:27.265 Thread 'MainThread': missing ScriptRunContext! This warning can be ignored when running in bare mode.
2026-09-20 00:34:27.268 Thread 'MainThread': missing ScriptRunContext! This warning can be ignored when running in bare mode.
2026-09-20 00:34:27.268 Thread 'MainThread': missing ScriptRunContext! This warning can be ignored when running in bare mode.
2026-09-20 00:34:27.268 Thread 'MainThread': missing ScriptRunContext! This warning can be ignored when running in bare mode.
2026-09-20 00:34:27.269 Thread 'MainThread': missing ScriptRunContext! This warning can be ignored when running in bare mode.
2026-09-20 00:34:27.269 Thread 'MainThread': missing ScriptRunContext! This warning can be ignored when running in bare mode.
2026-09-20 00:34:27.269 Thread 'MainThread': missing ScriptRunContext! This warning can be ignored when running in bare mode.
2026-09-20 00:34:27.270 Thread 'MainThread': missing ScriptRunContext! This warning can be ignored when running in bare mode.
2026-09-20 00:34:27.270 Thread 'MainThread': missing ScriptRunContext! This warning can be ignored when running in bare mode.
2026-09-20 00:34:27.270 Thread 'MainThread': missing ScriptRunContext! This warning can be ignored when running in bare mode.
2026-09-20 00:34:27.270 Thread 'MainThread': missing ScriptRunContext! This warning can be ignored when running in bare mode.
2026-09-20 00:34:27.547 Please replace `use_container_width` with `width`.

`use_container_width` will be removed after 2025-12-31.

For `use_container_width=True`, use `width='stretch'`. For `use_container_width=False`, use `width='content'`.
2026-09-20 00:34:27.556 Thread 'MainThread': missing ScriptRunContext! This warning can be ignored when running in bare mode.
2026-09-20 00:34:27.556 Thread 'MainThread': missing ScriptRunContext! This warning can be ignored when running in bare mode.
2026-09-20 00:34:27.557 Thread 'MainThread': missing ScriptRunContext! This warning can be ignored when running in bare mode.
2026-09-20 00:34:27.557 Thread 'MainThread': missing ScriptRunContext! This warning can be ignored when running in bare mode.
2026-09-20 00:34:27.557 Thread 'MainThread': missing ScriptRunContext! This warning can be ignored when running in bare mode.
2026-09-20 00:34:27.557 Thread 'MainThread': missing ScriptRunContext! This warning can be ignored when running in bare mode.
2026-09-20 00:34:27.558 Thread 'MainThread': missing ScriptRunContext! This warning can be ignored when running in bare mode.
2026-09-20 00:34:27.558 Thread 'MainThread': missing ScriptRunContext! This warning can be ignored when running in bare mode.
2026-09-20 00:34:27.559 Thread 'MainThread': missing ScriptRunContext! This warning can be ignored when running in bare mode.
2026-09-20 00:34:27.560 Thread 'MainThread': missing ScriptRunContext! This warning can be ignored when running in bare mode.
2026-09-20 00:34:27.562 Thread 'MainThread': missing ScriptRunContext! This warning can be ignored when running in bare mode.
2026-09-20 00:34:27.563 Thread 'MainThread': missing ScriptRunContext! This warning can be ignored when running in bare mode.
2026-09-20 00:34:27.563 Thread 'MainThread': missing ScriptRunContext! This warning can be ignored when running in bare mode.
2026-09-20 00:34:27.564 Thread 'MainThread': missing ScriptRunContext! This warning can be ignored when running in bare mode.
2026-09-20 00:34:27.564 Thread 'MainThread': missing ScriptRunContext! This warning can be ignored when running in bare mode.
2026-09-20 00:34:27.565 Thread 'MainThread': missing ScriptRunContext! This warning can be ignored when running in bare mode.
2026-09-20 00:34:27.566 Thread 'MainThread': missing ScriptRunContext! This warning can be ignored when running in bare mode.
2026-09-20 00:34:27.566 Thread 'MainThread': missing ScriptRunContext! This warning can be ignored when running in bare mode.
2026-09-20 00:34:27.566 Thread 'MainThread': missing ScriptRunContext! This warning can be ignored when running in bare mode.
2026-09-20 00:34:27.566 Thread 'MainThread': missing ScriptRunContext! This warning can be ignored when running in bare mode.
2026-09-20 00:34:27.567 Thread 'MainThread': missing ScriptRunContext! This warning can be ignored when running in bare mode.
2026-09-20 00:34:27.567 Thread 'MainThread': missing ScriptRunContext! This warning can be ignored when running in bare mode.
2026-09-20 00:34:27.567 Thread 'MainThread': missing ScriptRunContext! This warning can be ignored when running in bare mode.
2026-09-20 00:34:27.568 Thread 'MainThread': missing ScriptRunContext! This warning can be ignored when running in bare mode.
2026-09-20 00:34:27.568 Thread 'MainThread': missing ScriptRunContext! This warning can be ignored when running in bare mode.
2026-09-20 00:34:27.579 Thread 'MainThread': missing ScriptRunContext! This warning can be ignored when running in bare mode.
2026-09-20 00:34:27.579 Thread 'MainThread': missing ScriptRunContext! This warning can be ignored when running in bare mode.
2026-09-20 00:34:27.580 Thread 'MainThread': missing ScriptRunContext! This warning can be ignored when running in bare mode.
2026-09-20 00:34:27.580 Thread 'MainThread': missing ScriptRunContext! This warning can be ignored when running in bare mode.
2026-09-20 00:34:27.581 Thread 'MainThread': missing ScriptRunContext! This warning can be ignored when running in bare mode.
2026-09-20 00:34:27.581 Thread 'MainThread': missing ScriptRunContext! This warning can be ignored when running in bare mode.
2026-09-20 00:34:27.594 Thread 'MainThread': missing ScriptRunContext! This warning can be ignored when running in bare mode.
2026-09-20 00:34:27.594 Thread 'MainThread': missing ScriptRunContext! This warning can be ignored when running in bare mode.
2026-09-20 00:34:27.594 Thread 'MainThread': missing ScriptRunContext! This warning can be ignored when running in bare mode.
2026-09-20 00:34:27.779 Please replace `use_container_width` with `width`.

`use_container_width` will be removed after 2025-12-31.

For `use_container_width=True`, use `width='stretch'`. For `use_container_width=False`, use `width='content'`.
2026-09-20 00:34:27.806 Thread 'MainThread': missing ScriptRunContext! This warning can be ignored when running in bare mode.
2026-09-20 00:34:27.806 Thread 'MainThread': missing ScriptRunContext! This warning can be ignored when running in bare mode.
2026-09-20 00:34:27.808 Thread 'MainThread': missing ScriptRunContext! This warning can be ignored when running in bare mode.
2026-09-20 00:34:27.809 Thread 'MainThread': missing ScriptRunContext! This warning can be ignored when running in bare mode.
2026-09-20 00:34:27.809 Thread 'MainThread': missing ScriptRunContext! This warning can be ignored when running in bare mode.
2026-09-20 00:34:27.810 Thread 'MainThread': missing ScriptRunContext! This warning can be ignored when running in bare mode.
2026-09-20 00:34:27.810 Thread 'MainThread': missing ScriptRunContext! This warning can be ignored when running in bare mode.
2026-09-20 00:34:27.811 Thread 'MainThread': missing ScriptRunContext! This warning can be ignored when running in bare mode.
App imported successfully.
