Excel files in D:\acceleration:
D:/acceleration\Model_1.csv 254339 bytes
D:/acceleration\Model_2.csv 368720 bytes
D:/acceleration\Model_3.csv 311108363 bytes
D:/acceleration\venv\Lib\site-packages\matplotlib\mpl-data\sample_data\data_x_x2_x3.csv 132 bytes
D:/acceleration\venv\Lib\site-packages\matplotlib\mpl-data\sample_data\msft.csv 3211 bytes
D:/acceleration\venv\Lib\site-packages\matplotlib\mpl-data\sample_data\Stocks.csv 67924 bytes
D:/acceleration\venv\Lib\site-packages\numpy\random\tests\data\mt19937-testset-1.csv 16845 bytes
D:/acceleration\venv\Lib\site-packages\numpy\random\tests\data\mt19937-testset-2.csv 16826 bytes
D:/acceleration\venv\Lib\site-packages\numpy\random\tests\data\pcg64-testset-1.csv 24840 bytes
D:/acceleration\venv\Lib\site-packages\numpy\random\tests\data\pcg64-testset-2.csv 24846 bytes
D:/acceleration\venv\Lib\site-packages\numpy\random\tests\data\pcg64dxsm-testset-1.csv 24834 bytes
D:/acceleration\venv\Lib\site-packages\numpy\random\tests\data\pcg64dxsm-testset-2.csv 24840 bytes
D:/acceleration\venv\Lib\site-packages\numpy\random\tests\data\philox-testset-1.csv 24853 bytes
D:/acceleration\venv\Lib\site-packages\numpy\random\tests\data\philox-testset-2.csv 24839 bytes
D:/acceleration\venv\Lib\site-packages\numpy\random\tests\data\sfc64-testset-1.csv 24841 bytes
D:/acceleration\venv\Lib\site-packages\numpy\random\tests\data\sfc64-testset-2.csv 24834 bytes
D:/acceleration\venv\Lib\site-packages\numpy\_core\tests\data\umath-validation-set-arccos.csv 62794 bytes
D:/acceleration\venv\Lib\site-packages\numpy\_core\tests\data\umath-validation-set-arccosh.csv 62794 bytes
D:/acceleration\venv\Lib\site-packages\numpy\_core\tests\data\umath-validation-set-arcsin.csv 62768 bytes
D:/acceleration\venv\Lib\site-packages\numpy\_core\tests\data\umath-validation-set-arcsinh.csv 61718 bytes
D:/acceleration\venv\Lib\site-packages\numpy\_core\tests\data\umath-validation-set-arctan.csv 61734 bytes
D:/acceleration\venv\Lib\site-packages\numpy\_core\tests\data\umath-validation-set-arctanh.csv 62768 bytes
D:/acceleration\venv\Lib\site-packages\numpy\_core\tests\data\umath-validation-set-cbrt.csv 62275 bytes
D:/acceleration\venv\Lib\site-packages\numpy\_core\tests\data\umath-validation-set-cos.csv 60497 bytes
D:/acceleration\venv\Lib\site-packages\numpy\_core\tests\data\umath-validation-set-cosh.csv 62298 bytes
D:/acceleration\venv\Lib\site-packages\numpy\_core\tests\data\umath-validation-set-exp.csv 17903 bytes
D:/acceleration\venv\Lib\site-packages\numpy\_core\tests\data\umath-validation-set-exp2.csv 60053 bytes
D:/acceleration\venv\Lib\site-packages\numpy\_core\tests\data\umath-validation-set-expm1.csv 61728 bytes
D:/acceleration\venv\Lib\site-packages\numpy\_core\tests\data\umath-validation-set-log.csv 11963 bytes
D:/acceleration\venv\Lib\site-packages\numpy\_core\tests\data\umath-validation-set-log10.csv 70551 bytes
D:/acceleration\venv\Lib\site-packages\numpy\_core\tests\data\umath-validation-set-log1p.csv 61732 bytes
D:/acceleration\venv\Lib\site-packages\numpy\_core\tests\data\umath-validation-set-log2.csv 70546 bytes
D:/acceleration\venv\Lib\site-packages\numpy\_core\tests\data\umath-validation-set-sin.csv 59981 bytes
D:/acceleration\venv\Lib\site-packages\numpy\_core\tests\data\umath-validation-set-sinh.csv 61722 bytes
D:/acceleration\venv\Lib\site-packages\numpy\_core\tests\data\umath-validation-set-tan.csv 61728 bytes
D:/acceleration\venv\Lib\site-packages\numpy\_core\tests\data\umath-validation-set-tanh.csv 61728 bytes
