Compressed block (78 bytes) contains symbols: ['Model1', 'MCOS', 'table']
Compressed block (55419 bytes) contains symbols: ['Model1Answer', 'TA8', 'DP4', 'oL5', 'd7n', 'NR5', 'Xcg', 'Q9s', 'z9Y', 'BuY']
Compressed block (5513 bytes) contains symbols: ['Model1Predictors']
Compressed block (63441 bytes) contains symbols: ['Model1Response', 'Y2G', 'BZc', 'Hi6', 'be4', 'n0T', 'v5y', 'zNz', 'uWv', 'PiD']
Compressed block (78 bytes) contains symbols: ['Model2', 'MCOS', 'table']
Compressed block (18822 bytes) contains symbols: ['Model2AnswerAssembly', 'Emu', 'Bie', 'nICnQ', 'Xws', 'mft', 'l_G', 'Byz', 'Nwl', 'Bie']
Compressed block (22699 bytes) contains symbols: ['Model2AnswerDrilling', 'UiU', 's7U', 'cmN', 'UR2', 'gQy', 'AgL', 'gsz', 'hmN', 'WqY']
Compressed block (22693 bytes) contains symbols: ['Model2AnswerMilling', 'dgkh', 'SX2', 'skfKP', 'tU9', 'd2C', 'HtX', 'z9k', 'EHQ', 'liv']
Compressed block (5335 bytes) contains symbols: ['Model2PredictorAssembly']
Compressed block (10305 bytes) contains symbols: ['Model2PredictorDrilling']
Compressed block (10291 bytes) contains symbols: ['Model2PredictorMilling']
Compressed block (21808 bytes) contains symbols: ['Model2ResponseAssembly', 'obH', 'CUL', 'JxB', 'a7l', 'nLOX', 'v28J', 'U3k', 'oG8', 'iSu']
Compressed block (21971 bytes) contains symbols: ['Model2ResponseDrilling', 'OYM', 'uWv', 'FzQ', 'eRC', 'Ral', 'KTo', 'Nyt', 'Udt', 'X6sH']
Compressed block (22013 bytes) contains symbols: ['Model2ResponseMilling', 'Um7', 'eRC', 'zrM', 'JxB', 'YNB', 'Tka', 'JxB', 'ajK', 'wKr']
Compressed block (79 bytes) contains symbols: ['Model3', 'MCOS', 'table']
Compressed block (22405 bytes) contains symbols: ['Model3Answerc1s2', 'rtJ', 'P0z', 'vLF', 'JJi', '_lsi', 'YJQ', 'lZj', 'd2m', 'VO_']
Compressed block (22666 bytes) contains symbols: ['Model3Answerc1s4', 'Q3N', 'XQb', 'vT3', '_6T', 'ILVN', 'a2k', 'uIh', 'Aqq', 'c0m']
Compressed block (22411 bytes) contains symbols: ['Model3Answerc2s2', 'aPU', 'n4q', 'jg2', 'iH6', 'lRR', 'IUr', 'Toe', 'R73', 'qFk']
Compressed block (22332 bytes) contains symbols: ['Model3Answerc2s4', 'htG', 'cUxj', 'FE6', 'YE7', 'ddb', 'JaG', 'ZAZ4P', 'XqJ', 'A8f']
Compressed block (22601 bytes) contains symbols: ['Model3Answerc3s2', 'mix', 'csE', 'PWQ', 'nTl', 'pWB', 'jft', 'K2r', 'jv6', 'HWU']
Compressed block (22424 bytes) contains symbols: ['Model3Answerc3s3', 'mqa', 'O2H', 'cwO', 'JpZ', 'ZNaJ', 'V4i', 'qR6', 'jZ8', 'i2P']
Compressed block (22409 bytes) contains symbols: ['Model3Answerc4s3', 'w_mFw', 'iUp', 's6M', 'dmA', 'PkA', 'rcijz', 'Xno', 'l_R', 'O1G']
Compressed block (22583 bytes) contains symbols: ['Model3Answerc4s4', 'Lrnu', 'xvp', 'Rbw', 'NO3', 'IOb', 'K_h', 'TaR', 'vN6', 'zjz']
Compressed block (21542 bytes) contains symbols: ['Model3Predictors', 'RBNA', 'R9EG', 'B52', 'D2F', 'a4F', 'q2F6', 'x9RC', 'SAB7', 'Dm4']
Compressed block (4336758 bytes) contains symbols: ['Predictors', 'R35Bj6', 'AE7', 'Aq6', 'EU4', 'B63', 'j159', 'x2U', 'M9U', 'Z4Y7']
Compressed block (12434462 bytes) contains symbols: ['Regression', 'R35Bj6', 'AE7', 'Aq6', 'EU4', 'B63', 'j159', 'x2U', 'M9U', 'Z4Y7']
Compressed block (1061772 bytes) contains symbols: ['Responsec1s2', 's1V0', 'N2u', 'F0Q', 'M1i', 'X1w', 'X7z', 'W0Y', 'C0Z', '_0F']
Compressed block (1063864 bytes) contains symbols: ['Responsec1s4']
Compressed block (952130 bytes) contains symbols: ['Responsec2s2']
Compressed block (983170 bytes) contains symbols: ['Responsec2s4']
Compressed block (934606 bytes) contains symbols: ['Responsec3s2']
Compressed block (984604 bytes) contains symbols: ['Responsec3s3']
Compressed block (1060003 bytes) contains symbols: ['Responsec4s3', 'B1F', 'F2A', 'I1u', '_1u', 'D5t', 'n2Z', 'z7I', 'L1h', 'J2F']
Compressed block (1056342 bytes) contains symbols: ['Responsec4s4']
Compressed block (8097346 bytes) contains symbols: ['Responses', 's1V0', 'N2u', 'F0Q', 'M1i', 'X1w', 'X7z', 'W0Y', 'C0Z', '_0F']
Compressed block (1384473 bytes) contains symbols: ['MCOS', 'MCOS', 'FileWrapper__', 'data', 'ndims', 'nrows', 'rownames', 'nvars', 'varnames', 'props']
