
FullName                                                                          
--------                                                                          
C:\Users\win-10\Downloads\Matlab Models\c1s2ANN.m                                 
C:\Users\win-10\Downloads\Matlab Models\c1s4ANN.m                                 
C:\Users\win-10\Downloads\Matlab Models\c2s2ANN.m                                 
C:\Users\win-10\Downloads\Matlab Models\c2s4ANN.m                                 
C:\Users\win-10\Downloads\Matlab Models\c3s2ANN.m                                 
C:\Users\win-10\Downloads\Matlab Models\c3s3ANN.m                                 
C:\Users\win-10\Downloads\Matlab Models\c4s3ANN.m                                 
C:\Users\win-10\Downloads\Matlab Models\c4s4ANN.m                                 
C:\Users\win-10\Downloads\Matlab Models\Model1ANN.m                               
C:\Users\win-10\Downloads\Matlab Models\Model2ANN.m                               
C:\Users\win-10\Downloads\Matlab Models\Model2ANNAssembly.m                       
C:\Users\win-10\Downloads\Matlab Models\Model2ANNDrilling.m                       
C:\Users\win-10\Downloads\Matlab Models\Model2ANNMilling.m                        
D:\octave\Octave-11.3.0\mingw64\share\octave\11.3.0\m\plot\appearance\annotation.m
D:\octave\Octave-11.3.0\mingw64\share\octave\11.3.0\m\signal\hanning.m            
D:\octave\Octave-11.3.0\mingw64\share\octave\packages\biosig-3.9.5\demo\fix_fpu...
D:\octave\Octave-11.3.0\mingw64\share\octave\packages\biosig-3.9.5\t200_FileAcc...
D:\octave\Octave-11.3.0\mingw64\share\octave\packages\biosig-3.9.5\t250_Artifac...
D:\octave\Octave-11.3.0\mingw64\share\octave\packages\biosig-3.9.5\t300_Feature...
D:\octave\Octave-11.3.0\mingw64\share\octave\packages\biosig-3.9.5\t320_Nirs\Il...
D:\octave\Octave-11.3.0\mingw64\share\octave\packages\biosig-3.9.5\viewer\utils...
D:\octave\Octave-11.3.0\mingw64\share\octave\packages\biosig-3.9.5\viewer\utils...
D:\octave\Octave-11.3.0\mingw64\share\octave\packages\communications-1.2.7\shan...
D:\octave\Octave-11.3.0\mingw64\share\octave\packages\communications-1.2.7\shan...
D:\octave\Octave-11.3.0\mingw64\share\octave\packages\communications-1.2.7\shan...
D:\octave\Octave-11.3.0\mingw64\share\octave\packages\signal-1.4.7\barthannwin.m  
D:\octave\Octave-11.3.0\mingw64\share\octave\packages\signal-1.4.7\blackmannutt...
D:\octave\Octave-11.3.0\mingw64\share\octave\packages\signal-1.4.7\hann.m         
D:\octave\Octave-11.3.0\mingw64\share\octave\packages\stk-2.8.1\model\noise\@st...
D:\octave\Octave-11.3.0\mingw64\share\octave\packages\stk-2.8.1\model\noise\@st...
D:\octave\Octave-11.3.0\mingw64\share\octave\packages\tablicious-0.4.7\isnanny.m  


